Memory freed which was not alloc'd:
free(183436684,788,'c:\data\hc\morpher\chcwin.c')
free(183437068,801,'c:\data\hc\morpher\chcwin.c')
Number of calls to alloc = 1016
Average memory allocated = 3151
Maximum memory allocated at any one time = 5025
Memory alloc'd but not freed:
alloc(183441906,8,69,'c:\data\hc\morpher\cchartbl.c')
alloc(183442844,10,22,'c:\data\hc\morpher\cpshape.c')
alloc(183437972,8,69,'c:\data\hc\morpher\cchartbl.c')
alloc(183442306,22,60,'c:\data\hc\morpher\cpshape.c')
alloc(183439962,8,26,'c:\data\hc\morpher\ctrie.c')
alloc(183440658,8,26,'c:\data\hc\morpher\ctrie.c')
alloc(183438162,8,69,'c:\data\hc\morpher\cchartbl.c')
alloc(183438812,2,100,'c:\data\hc\morpher\cutility.c')
alloc(183438910,2,100,'c:\data\hc\morpher\cutility.c')
alloc(183437046,8,26,'c:\data\hc\morpher\ctrie.c')
alloc(183440434,8,69,'c:\data\hc\morpher\cchartbl.c')
alloc(183438588,2,100,'c:\data\hc\morpher\cutility.c')
alloc(183438602,2,100,'c:\data\hc\morpher\cutility.c')
alloc(183440546,8,26,'c:\data\hc\morpher\ctrie.c')
alloc(183441936,8,69,'c:\data\hc\morpher\cchartbl.c')
alloc(183437662,8,69,'c:\data\hc\morpher\cchartbl.c')
alloc(183439212,2,100,'c:\data\hc\morpher\cutility.c')
alloc(183440040,8,69,'c:\data\hc\morpher\cchartbl.c')
alloc(183442776,8,26,'c:\data\hc\morpher\ctrie.c')
alloc(183441772,8,69,'c:\data\hc\morpher\cchartbl.c')
alloc(183442270,10,22,'c:\data\hc\morpher\cpshape.c')
alloc(183439572,8,26,'c:\data\hc\morpher\ctrie.c')
alloc(183442046,8,69,'c:\data\hc\morpher\cchartbl.c')
alloc(183441548,8,26,'c:\data\hc\morpher\ctrie.c')
alloc(183437168,65,790,'c:\data\hc\morpher\chcwin.c')
alloc(183442518,22,60,'c:\data\hc\morpher\cpshape.c')
alloc(183439972,16,87,'c:\data\hc\morpher\ctrie.c')
alloc(183442202,16,87,'c:\data\hc\morpher\ctrie.c')
alloc(183443318,16,87,'c:\data\hc\morpher\ctrie.c')
alloc(183438676,4,102,'c:\data\hc\morpher\cutility.c')
alloc(183437672,8,69,'c:\data\hc\morpher\cchartbl.c')
alloc(183438788,4,102,'c:\data\hc\morpher\cutility.c')
alloc(183439286,4,102,'c:\data\hc\morpher\cutility.c')
alloc(183440778,8,69,'c:\data\hc\morpher\cchartbl.c')
alloc(183438282,8,69,'c:\data\hc\morpher\cchartbl.c')
alloc(183442090,16,87,'c:\data\hc\morpher\ctrie.c')
alloc(183438886,4,102,'c:\data\hc\morpher\cutility.c')
alloc(183442786,16,87,'c:\data\hc\morpher\ctrie.c')
alloc(183440080,8,69,'c:\data\hc\morpher\cchartbl.c')
alloc(183439628,8,26,'c:\data\hc\morpher\ctrie.c')
alloc(183441242,8,26,'c:\data\hc\morpher\ctrie.c')
alloc(183439804,8,69,'c:\data\hc\morpher\cchartbl.c')
alloc(183437912,8,69,'c:\data\hc\morpher\cchartbl.c')
alloc(183441812,16,87,'c:\data\hc\morpher\ctrie.c')
alloc(183438102,8,69,'c:\data\hc\morpher\cchartbl.c')
alloc(183436712,4,102,'c:\data\hc\morpher\cutility.c')
alloc(183436810,4,102,'c:\data\hc\morpher\cutility.c')
alloc(183440984,8,69,'c:\data\hc\morpher\cchartbl.c')
alloc(183438718,4,102,'c:\data\hc\morpher\cutility.c')
alloc(183438830,4,102,'c:\data\hc\morpher\cutility.c')
alloc(183439296,2,100,'c:\data\hc\morpher\cutility.c')
alloc(183440852,8,26,'c:\data\hc\morpher\ctrie.c')
alloc(183442164,8,26,'c:\data\hc\morpher\ctrie.c')
alloc(183442354,22,60,'c:\data\hc\morpher\cpshape.c')
alloc(183441520,8,26,'c:\data\hc\morpher\ctrie.c')
alloc(183437712,8,69,'c:\data\hc\morpher\cchartbl.c')
alloc(183441252,16,87,'c:\data\hc\morpher\ctrie.c')
alloc(183440818,8,69,'c:\data\hc\morpher\cchartbl.c')
alloc(183438322,8,69,'c:\data\hc\morpher\cchartbl.c')
alloc(183441632,8,26,'c:\data\hc\morpher\ctrie.c')
alloc(183439814,8,69,'c:\data\hc\morpher\cchartbl.c')
alloc(183437922,8,69,'c:\data\hc\morpher\cchartbl.c')
alloc(183439478,8,26,'c:\data\hc\morpher\ctrie.c')
alloc(183438112,8,69,'c:\data\hc\morpher\cchartbl.c')
alloc(183443068,16,87,'c:\data\hc\morpher\ctrie.c')
alloc(183437822,8,69,'c:\data\hc\morpher\cchartbl.c')
alloc(183440278,16,87,'c:\data\hc\morpher\ctrie.c')
alloc(183440384,8,69,'c:\data\hc\morpher\cchartbl.c')
alloc(183438616,2,100,'c:\data\hc\morpher\cutility.c')
alloc(183439878,8,26,'c:\data\hc\morpher\ctrie.c')
alloc(183437612,8,69,'c:\data\hc\morpher\cchartbl.c')
alloc(183438728,2,100,'c:\data\hc\morpher\cutility.c')
alloc(183439226,2,100,'c:\data\hc\morpher\cutility.c')
alloc(183440718,8,69,'c:\data\hc\morpher\cchartbl.c')
alloc(183438222,8,69,'c:\data\hc\morpher\cchartbl.c')
alloc(183443146,22,60,'c:\data\hc\morpher\cpshape.c')
alloc(183439338,2,100,'c:\data\hc\morpher\cutility.c')
alloc(183442220,8,26,'c:\data\hc\morpher\ctrie.c')
alloc(183443336,8,26,'c:\data\hc\morpher\ctrie.c')
alloc(183442396,16,87,'c:\data\hc\morpher\ctrie.c')
alloc(183440020,8,69,'c:\data\hc\morpher\cchartbl.c')
alloc(183441996,8,69,'c:\data\hc\morpher\cchartbl.c')
alloc(183442692,8,26,'c:\data\hc\morpher\ctrie.c')
alloc(183437852,8,69,'c:\data\hc\morpher\cchartbl.c')
alloc(183440936,8,26,'c:\data\hc\morpher\ctrie.c')
alloc(183439488,16,87,'c:\data\hc\morpher\ctrie.c')
alloc(183441830,8,26,'c:\data\hc\morpher\ctrie.c')
alloc(183440602,8,26,'c:\data\hc\morpher\ctrie.c')
alloc(183438802,4,102,'c:\data\hc\morpher\cutility.c')
alloc(183438900,4,102,'c:\data\hc\morpher\cutility.c')
alloc(183436694,2,100,'c:\data\hc\morpher\cutility.c')
alloc(183438578,4,179,'c:\data\hc\morpher\cchartbl.c')
alloc(183438592,4,102,'c:\data\hc\morpher\cutility.c')
alloc(183438072,8,69,'c:\data\hc\morpher\cchartbl.c')
alloc(183437652,8,69,'c:\data\hc\morpher\cchartbl.c')
alloc(183439202,4,102,'c:\data\hc\morpher\cutility.c')
alloc(183438262,8,69,'c:\data\hc\morpher\cchartbl.c')
alloc(183439754,8,69,'c:\data\hc\morpher\cchartbl.c')
alloc(183436970,8,26,'c:\data\hc\morpher\ctrie.c')
alloc(183441368,8,69,'c:\data\hc\morpher\cchartbl.c')
alloc(183437862,8,69,'c:\data\hc\morpher\cchartbl.c')
alloc(183442260,8,69,'c:\data\hc\morpher\cchartbl.c')
alloc(183441762,8,69,'c:\data\hc\morpher\cchartbl.c')
alloc(183440364,8,69,'c:\data\hc\morpher\cchartbl.c')
alloc(183436726,4,102,'c:\data\hc\morpher\cutility.c')
alloc(183436824,4,102,'c:\data\hc\morpher\cutility.c')
alloc(183441158,8,26,'c:\data\hc\morpher\ctrie.c')
alloc(183442036,8,69,'c:\data\hc\morpher\cchartbl.c')
alloc(183439384,16,87,'c:\data\hc\morpher\ctrie.c')
alloc(183437126,16,87,'c:\data\hc\morpher\ctrie.c')
alloc(183440500,16,87,'c:\data\hc\morpher\ctrie.c')
alloc(183442974,8,26,'c:\data\hc\morpher\ctrie.c')
alloc(183440612,16,87,'c:\data\hc\morpher\ctrie.c')
alloc(183443086,8,26,'c:\data\hc\morpher\ctrie.c')
alloc(183438844,4,102,'c:\data\hc\morpher\cutility.c')
alloc(183440184,8,26,'c:\data\hc\morpher\ctrie.c')
alloc(183442192,8,26,'c:\data\hc\morpher\ctrie.c')
alloc(183438942,4,102,'c:\data\hc\morpher\cutility.c')
alloc(183440296,8,26,'c:\data\hc\morpher\ctrie.c')
alloc(183442442,8,26,'c:\data\hc\morpher\ctrie.c')
alloc(183438634,4,102,'c:\data\hc\morpher\cutility.c')
alloc(183441502,16,87,'c:\data\hc\morpher\ctrie.c')
alloc(183439244,4,102,'c:\data\hc\morpher\cutility.c')
alloc(183440150,8,69,'c:\data\hc\morpher\cchartbl.c')
alloc(183442080,8,26,'c:\data\hc\morpher\ctrie.c')
alloc(183438272,8,69,'c:\data\hc\morpher\cchartbl.c')
alloc(183441614,16,87,'c:\data\hc\morpher\ctrie.c')
alloc(183441692,8,69,'c:\data\hc\morpher\cchartbl.c')
alloc(183436736,2,100,'c:\data\hc\morpher\cutility.c')
alloc(183442414,8,26,'c:\data\hc\morpher\ctrie.c')
alloc(183436834,2,100,'c:\data\hc\morpher\cutility.c')
alloc(183437772,8,69,'c:\data\hc\morpher\cchartbl.c')
alloc(183443194,22,60,'c:\data\hc\morpher\cpshape.c')
alloc(183439794,8,69,'c:\data\hc\morpher\cchartbl.c')
alloc(183443384,22,408,'c:\data\hc\morpher\cpshape.c')
alloc(183438742,2,100,'c:\data\hc\morpher\cutility.c')
alloc(183442984,16,87,'c:\data\hc\morpher\ctrie.c')
alloc(183439352,2,100,'c:\data\hc\morpher\cutility.c')
alloc(183438342,8,69,'c:\data\hc\morpher\cchartbl.c')
alloc(183440194,16,87,'c:\data\hc\morpher\ctrie.c')
alloc(183438952,2,100,'c:\data\hc\morpher\cutility.c')
alloc(183438012,8,69,'c:\data\hc\morpher\cchartbl.c')
alloc(183437592,8,69,'c:\data\hc\morpher\cchartbl.c')
alloc(183440698,8,69,'c:\data\hc\morpher\cchartbl.c')
alloc(183438202,8,69,'c:\data\hc\morpher\cchartbl.c')
alloc(183441308,8,62,'c:\data\hc\morpher\ctrie.c')
alloc(183440908,8,26,'c:\data\hc\morpher\ctrie.c')
alloc(183440474,8,69,'c:\data\hc\morpher\cchartbl.c')
alloc(183441084,8,69,'c:\data\hc\morpher\cchartbl.c')
alloc(183436778,2,100,'c:\data\hc\morpher\cutility.c')
alloc(183436876,2,100,'c:\data\hc\morpher\cutility.c')
alloc(183437066,22,408,'c:\data\hc\morpher\cpshape.c')
alloc(183439934,8,26,'c:\data\hc\morpher\ctrie.c')
alloc(183443058,8,26,'c:\data\hc\morpher\ctrie.c')
alloc(183437812,8,69,'c:\data\hc\morpher\cchartbl.c')
alloc(183443170,22,60,'c:\data\hc\morpher\cpshape.c')
alloc(183437018,8,26,'c:\data\hc\morpher\ctrie.c')
alloc(183442894,22,60,'c:\data\hc\morpher\cpshape.c')
alloc(183439402,8,26,'c:\data\hc\morpher\ctrie.c')
alloc(183440518,8,26,'c:\data\hc\morpher\ctrie.c')
alloc(183438022,8,69,'c:\data\hc\morpher\cchartbl.c')
alloc(183437602,8,69,'c:\data\hc\morpher\cchartbl.c')
alloc(183439216,4,102,'c:\data\hc\morpher\cutility.c')
alloc(183440708,8,69,'c:\data\hc\morpher\cchartbl.c')
alloc(183438212,8,69,'c:\data\hc\morpher\cchartbl.c')
alloc(183441586,16,87,'c:\data\hc\morpher\ctrie.c')
alloc(183439328,4,102,'c:\data\hc\morpher\cutility.c')
alloc(183442748,8,26,'c:\data\hc\morpher\ctrie.c')
alloc(183441318,8,69,'c:\data\hc\morpher\cchartbl.c')
alloc(183440484,8,69,'c:\data\hc\morpher\cchartbl.c')
alloc(183439544,8,62,'c:\data\hc\morpher\ctrie.c')
alloc(183441094,8,69,'c:\data\hc\morpher\cchartbl.c')
alloc(183441986,8,69,'c:\data\hc\morpher\cchartbl.c')
alloc(183436950,8,26,'c:\data\hc\morpher\ctrie.c')
alloc(183439734,8,69,'c:\data\hc\morpher\cchartbl.c')
alloc(183437842,8,69,'c:\data\hc\morpher\cchartbl.c')
alloc(183440344,8,69,'c:\data\hc\morpher\cchartbl.c')
alloc(183441886,8,26,'c:\data\hc\morpher\ctrie.c')
alloc(183439944,16,87,'c:\data\hc\morpher\ctrie.c')
alloc(183440640,16,87,'c:\data\hc\morpher\ctrie.c')
alloc(183440120,8,69,'c:\data\hc\morpher\cchartbl.c')
alloc(183443290,16,87,'c:\data\hc\morpher\ctrie.c')
alloc(183437028,16,87,'c:\data\hc\morpher\ctrie.c')
alloc(183438648,4,102,'c:\data\hc\morpher\cutility.c')
alloc(183438142,8,69,'c:\data\hc\morpher\cchartbl.c')
alloc(183439258,4,102,'c:\data\hc\morpher\cutility.c')
alloc(183438760,4,102,'c:\data\hc\morpher\cutility.c')
alloc(183439666,8,62,'c:\data\hc\morpher\ctrie.c')
alloc(183442062,16,87,'c:\data\hc\morpher\ctrie.c')
alloc(183438858,4,102,'c:\data\hc\morpher\cutility.c')
alloc(183442758,16,87,'c:\data\hc\morpher\ctrie.c')
alloc(183440414,8,69,'c:\data\hc\morpher\cchartbl.c')
alloc(183441418,8,69,'c:\data\hc\morpher\cchartbl.c')
alloc(183439554,16,87,'c:\data\hc\morpher\ctrie.c')
alloc(183436848,2,100,'c:\data\hc\morpher\cutility.c')
alloc(183441214,8,26,'c:\data\hc\morpher\ctrie.c')
alloc(183436960,8,26,'c:\data\hc\morpher\ctrie.c')
alloc(183439744,8,69,'c:\data\hc\morpher\cchartbl.c')
alloc(183441784,16,87,'c:\data\hc\morpher\ctrie.c')
alloc(183440354,8,69,'c:\data\hc\morpher\cchartbl.c')
alloc(183436684,4,102,'c:\data\hc\morpher\cutility.c')
alloc(183437562,8,69,'c:\data\hc\morpher\cchartbl.c')
alloc(183441896,8,62,'c:\data\hc\morpher\ctrie.c')
alloc(183437752,8,69,'c:\data\hc\morpher\cchartbl.c')
alloc(183437962,8,69,'c:\data\hc\morpher\cchartbl.c')
alloc(183438658,2,100,'c:\data\hc\morpher\cutility.c')
alloc(183438152,8,69,'c:\data\hc\morpher\cchartbl.c')
alloc(183439268,2,100,'c:\data\hc\morpher\cutility.c')
alloc(183442136,8,26,'c:\data\hc\morpher\ctrie.c')
alloc(183440424,8,69,'c:\data\hc\morpher\cchartbl.c')
alloc(183436792,2,100,'c:\data\hc\morpher\cutility.c')
alloc(183441492,8,26,'c:\data\hc\morpher\ctrie.c')
alloc(183441926,8,69,'c:\data\hc\morpher\cchartbl.c')
alloc(183436890,2,100,'c:\data\hc\morpher\cutility.c')
alloc(183441224,16,87,'c:\data\hc\morpher\ctrie.c')
alloc(183441604,8,26,'c:\data\hc\morpher\ctrie.c')
alloc(183441682,8,69,'c:\data\hc\morpher\cchartbl.c')
alloc(183437460,16,87,'c:\data\hc\morpher\ctrie.c')
alloc(183443408,22,408,'c:\data\hc\morpher\cpshape.c')
alloc(183439450,8,26,'c:\data\hc\morpher\ctrie.c')
alloc(183441458,8,69,'c:\data\hc\morpher\cchartbl.c')
alloc(183442542,22,60,'c:\data\hc\morpher\cpshape.c')
alloc(183440060,8,69,'c:\data\hc\morpher\cchartbl.c')
alloc(183437762,8,69,'c:\data\hc\morpher\cchartbl.c')
alloc(183440250,16,87,'c:\data\hc\morpher\ctrie.c')
alloc(183438700,2,100,'c:\data\hc\morpher\cutility.c')
alloc(183439198,2,100,'c:\data\hc\morpher\cutility.c')
alloc(183442508,8,62,'c:\data\hc\morpher\ctrie.c')
alloc(183439310,2,100,'c:\data\hc\morpher\cutility.c')
alloc(183440834,16,87,'c:\data\hc\morpher\ctrie.c')
alloc(183442146,16,87,'c:\data\hc\morpher\ctrie.c')
alloc(183443308,8,26,'c:\data\hc\morpher\ctrie.c')
alloc(183438002,8,69,'c:\data\hc\morpher\cchartbl.c')
alloc(183440688,8,69,'c:\data\hc\morpher\cchartbl.c')
alloc(183438192,8,69,'c:\data\hc\morpher\cchartbl.c')
alloc(183436900,16,87,'c:\data\hc\morpher\ctrie.c')
alloc(183441298,8,26,'c:\data\hc\morpher\ctrie.c')
alloc(183439860,16,87,'c:\data\hc\morpher\ctrie.c')
alloc(183440464,8,69,'c:\data\hc\morpher\cchartbl.c')
alloc(183437090,22,408,'c:\data\hc\morpher\cpshape.c')
alloc(183439460,16,87,'c:\data\hc\morpher\ctrie.c')
alloc(183441074,8,69,'c:\data\hc\morpher\cchartbl.c')
alloc(183436768,4,102,'c:\data\hc\morpher\cutility.c')
alloc(183437692,8,69,'c:\data\hc\morpher\cchartbl.c')
alloc(183440070,8,69,'c:\data\hc\morpher\cchartbl.c')
alloc(183436866,4,102,'c:\data\hc\morpher\cutility.c')
alloc(183438302,8,69,'c:\data\hc\morpher\cchartbl.c')
alloc(183437056,8,62,'c:\data\hc\morpher\ctrie.c')
alloc(183437902,8,69,'c:\data\hc\morpher\cchartbl.c')
alloc(183441802,8,26,'c:\data\hc\morpher\ctrie.c')
alloc(183442918,22,60,'c:\data\hc\morpher\cpshape.c')
alloc(183440574,8,26,'c:\data\hc\morpher\ctrie.c')
alloc(183438092,8,69,'c:\data\hc\morpher\cchartbl.c')
alloc(183438774,4,102,'c:\data\hc\morpher\cutility.c')
alloc(183438872,4,102,'c:\data\hc\morpher\cutility.c')
alloc(183440974,8,62,'c:\data\hc\morpher\ctrie.c')
alloc(183437400,16,87,'c:\data\hc\morpher\ctrie.c')
alloc(183436698,4,102,'c:\data\hc\morpher\cutility.c')
alloc(183437702,8,69,'c:\data\hc\morpher\cchartbl.c')
alloc(183438312,8,69,'c:\data\hc\morpher\cchartbl.c')
alloc(183437478,8,26,'c:\data\hc\morpher\ctrie.c')
alloc(183442480,16,87,'c:\data\hc\morpher\ctrie.c')
alloc(183438672,2,100,'c:\data\hc\morpher\cutility.c')
alloc(183440584,16,87,'c:\data\hc\morpher\ctrie.c')
alloc(183439282,2,100,'c:\data\hc\morpher\cutility.c')
alloc(183438784,2,100,'c:\data\hc\morpher\cutility.c')
alloc(183441652,8,69,'c:\data\hc\morpher\cchartbl.c')
alloc(183438882,2,100,'c:\data\hc\morpher\cutility.c')
alloc(183442814,8,62,'c:\data\hc\morpher\ctrie.c')
alloc(183443280,8,26,'c:\data\hc\morpher\ctrie.c')
alloc(183440268,8,26,'c:\data\hc\morpher\ctrie.c')
alloc(183437942,8,69,'c:\data\hc\morpher\cchartbl.c')
alloc(183438606,4,102,'c:\data\hc\morpher\cutility.c')
alloc(183438132,8,69,'c:\data\hc\morpher\cchartbl.c')
alloc(183439610,16,87,'c:\data\hc\morpher\ctrie.c')
alloc(183440404,8,69,'c:\data\hc\morpher\cchartbl.c')
alloc(183441014,8,69,'c:\data\hc\morpher\cchartbl.c')
alloc(183436708,2,100,'c:\data\hc\morpher\cutility.c')
alloc(183441408,8,69,'c:\data\hc\morpher\cchartbl.c')
alloc(183440010,8,69,'c:\data\hc\morpher\cchartbl.c')
alloc(183436806,2,100,'c:\data\hc\morpher\cutility.c')
alloc(183437552,8,69,'c:\data\hc\morpher\cchartbl.c')
alloc(183442956,16,87,'c:\data\hc\morpher\ctrie.c')
alloc(183438714,2,100,'c:\data\hc\morpher\cutility.c')
alloc(183439324,2,100,'c:\data\hc\morpher\cutility.c')
alloc(183438826,2,100,'c:\data\hc\morpher\cutility.c')
alloc(183440166,16,87,'c:\data\hc\morpher\ctrie.c')
alloc(183438924,2,100,'c:\data\hc\morpher\cutility.c')
alloc(183440946,16,87,'c:\data\hc\morpher\ctrie.c')
alloc(183437952,8,69,'c:\data\hc\morpher\cchartbl.c')
alloc(183441024,8,69,'c:\data\hc\morpher\cchartbl.c')
alloc(183438062,8,69,'c:\data\hc\morpher\cchartbl.c')
alloc(183436750,2,100,'c:\data\hc\morpher\cutility.c')
alloc(183437642,8,69,'c:\data\hc\morpher\cchartbl.c')
alloc(183436880,4,102,'c:\data\hc\morpher\cutility.c')
alloc(183440748,8,69,'c:\data\hc\morpher\cchartbl.c')
alloc(183438252,8,69,'c:\data\hc\morpher\cchartbl.c')
alloc(183441358,8,69,'c:\data\hc\morpher\cchartbl.c')
alloc(183442250,8,69,'c:\data\hc\morpher\cchartbl.c')
alloc(183437418,8,26,'c:\data\hc\morpher\ctrie.c')
alloc(183443030,8,26,'c:\data\hc\morpher\ctrie.c')
alloc(183440050,8,69,'c:\data\hc\morpher\cchartbl.c')
alloc(183442026,8,69,'c:\data\hc\morpher\cchartbl.c')
alloc(183440240,8,26,'c:\data\hc\morpher\ctrie.c')
alloc(183436990,8,26,'c:\data\hc\morpher\ctrie.c')
alloc(183439774,8,69,'c:\data\hc\morpher\cchartbl.c')
alloc(183440890,16,87,'c:\data\hc\morpher\ctrie.c')
alloc(183437882,8,69,'c:\data\hc\morpher\cchartbl.c')
alloc(183439374,8,26,'c:\data\hc\morpher\ctrie.c')
alloc(183439188,4,179,'c:\data\hc\morpher\cchartbl.c')
alloc(183442498,8,26,'c:\data\hc\morpher\ctrie.c')
alloc(183438690,4,102,'c:\data\hc\morpher\cutility.c')
alloc(183441558,16,87,'c:\data\hc\morpher\ctrie.c')
alloc(183439300,4,102,'c:\data\hc\morpher\cutility.c')
alloc(183442674,16,87,'c:\data\hc\morpher\ctrie.c')
alloc(183439516,16,87,'c:\data\hc\morpher\ctrie.c')
alloc(183440140,8,69,'c:\data\hc\morpher\cchartbl.c')
alloc(183439916,16,87,'c:\data\hc\morpher\ctrie.c')
alloc(183437682,8,69,'c:\data\hc\morpher\cchartbl.c')
alloc(183443040,16,87,'c:\data\hc\morpher\ctrie.c')
alloc(183440788,8,69,'c:\data\hc\morpher\cchartbl.c')
alloc(183438292,8,69,'c:\data\hc\morpher\cchartbl.c')
alloc(183438896,2,100,'c:\data\hc\morpher\cutility.c')
alloc(183443262,16,87,'c:\data\hc\morpher\ctrie.c')
alloc(183437000,16,87,'c:\data\hc\morpher\ctrie.c')
alloc(183439784,8,69,'c:\data\hc\morpher\cchartbl.c')
alloc(183441398,8,69,'c:\data\hc\morpher\cchartbl.c')
alloc(183437892,8,69,'c:\data\hc\morpher\cchartbl.c')
alloc(183443374,8,62,'c:\data\hc\morpher\ctrie.c')
alloc(183438620,4,102,'c:\data\hc\morpher\cutility.c')
alloc(183438082,8,69,'c:\data\hc\morpher\cchartbl.c')
alloc(183439230,4,102,'c:\data\hc\morpher\cutility.c')
alloc(183438732,4,102,'c:\data\hc\morpher\cutility.c')
alloc(183439638,16,87,'c:\data\hc\morpher\ctrie.c')
alloc(183439342,4,102,'c:\data\hc\morpher\cutility.c')
alloc(183442730,16,87,'c:\data\hc\morpher\ctrie.c')
alloc(183440964,8,26,'c:\data\hc\morpher\ctrie.c')
alloc(183436722,2,100,'c:\data\hc\morpher\cutility.c')
alloc(183437582,8,69,'c:\data\hc\morpher\cchartbl.c')
alloc(183436820,2,100,'c:\data\hc\morpher\cutility.c')
alloc(183441140,16,87,'c:\data\hc\morpher\ctrie.c')
alloc(183441868,16,87,'c:\data\hc\morpher\ctrie.c')
alloc(183439990,8,26,'c:\data\hc\morpher\ctrie.c')
alloc(183438840,2,100,'c:\data\hc\morpher\cutility.c')
alloc(183438938,2,100,'c:\data\hc\morpher\cutility.c')
alloc(183441722,8,69,'c:\data\hc\morpher\cchartbl.c')
alloc(183438630,2,100,'c:\data\hc\morpher\cutility.c')
alloc(183439240,2,100,'c:\data\hc\morpher\cutility.c')
alloc(183442108,8,26,'c:\data\hc\morpher\ctrie.c')
alloc(183437802,8,69,'c:\data\hc\morpher\cchartbl.c')
alloc(183442804,8,26,'c:\data\hc\morpher\ctrie.c')
alloc(183436764,2,100,'c:\data\hc\morpher\cutility.c')
alloc(183439600,8,26,'c:\data\hc\morpher\ctrie.c')
alloc(183436862,2,100,'c:\data\hc\morpher\cutility.c')
alloc(183441196,16,87,'c:\data\hc\morpher\ctrie.c')
alloc(183441576,8,26,'c:\data\hc\morpher\ctrie.c')
alloc(183437432,16,87,'c:\data\hc\morpher\ctrie.c')
alloc(183442882,10,22,'c:\data\hc\morpher\cpshape.c')
alloc(183439888,16,87,'c:\data\hc\morpher\ctrie.c')
alloc(183439422,8,26,'c:\data\hc\morpher\ctrie.c')
alloc(183438042,8,69,'c:\data\hc\morpher\cchartbl.c')
alloc(183437622,8,69,'c:\data\hc\morpher\cchartbl.c')
alloc(183440000,8,62,'c:\data\hc\morpher\ctrie.c')
alloc(183439534,8,26,'c:\data\hc\morpher\ctrie.c')
alloc(183440728,8,69,'c:\data\hc\morpher\cchartbl.c')
alloc(183438232,8,69,'c:\data\hc\morpher\cchartbl.c')
alloc(183440222,16,87,'c:\data\hc\morpher\ctrie.c')
alloc(183439724,8,69,'c:\data\hc\morpher\cchartbl.c')
alloc(183436940,8,26,'c:\data\hc\morpher\ctrie.c')
alloc(183437832,8,69,'c:\data\hc\morpher\cchartbl.c')
alloc(183442230,8,62,'c:\data\hc\morpher\ctrie.c')
alloc(183441732,8,69,'c:\data\hc\morpher\cchartbl.c')
alloc(183443346,16,87,'c:\data\hc\morpher\ctrie.c')
alloc(183440334,8,62,'c:\data\hc\morpher\ctrie.c')
alloc(183438704,4,102,'c:\data\hc\morpher\cutility.c')
alloc(183443122,22,534,'c:\data\hc\morpher\cpshape.c')
alloc(183438816,4,102,'c:\data\hc\morpher\cutility.c')
alloc(183439314,4,102,'c:\data\hc\morpher\cutility.c')
alloc(183440110,8,69,'c:\data\hc\morpher\cchartbl.c')
alloc(183442118,16,87,'c:\data\hc\morpher\ctrie.c')
alloc(183438914,4,102,'c:\data\hc\morpher\cutility.c')
alloc(183441474,16,87,'c:\data\hc\morpher\ctrie.c')
alloc(183439656,8,26,'c:\data\hc\morpher\ctrie.c')
alloc(183441270,8,26,'c:\data\hc\morpher\ctrie.c')
alloc(183439832,16,87,'c:\data\hc\morpher\ctrie.c')
alloc(183441840,16,87,'c:\data\hc\morpher\ctrie.c')
alloc(183439432,16,87,'c:\data\hc\morpher\ctrie.c')
alloc(183436740,4,102,'c:\data\hc\morpher\cutility.c')
alloc(183438052,8,69,'c:\data\hc\morpher\cchartbl.c')
alloc(183437632,8,69,'c:\data\hc\morpher\cchartbl.c')
alloc(183436838,4,102,'c:\data\hc\morpher\cutility.c')
alloc(183440738,8,69,'c:\data\hc\morpher\cchartbl.c')
alloc(183438242,8,69,'c:\data\hc\morpher\cchartbl.c')
alloc(183442240,8,69,'c:\data\hc\morpher\cchartbl.c')
alloc(183441438,8,69,'c:\data\hc\morpher\cchartbl.c')
alloc(183438746,4,102,'c:\data\hc\morpher\cutility.c')
alloc(183437742,8,69,'c:\data\hc\morpher\cchartbl.c')
alloc(183439356,16,87,'c:\data\hc\morpher\ctrie.c')
alloc(183439764,8,69,'c:\data\hc\morpher\cchartbl.c')
alloc(183436980,8,26,'c:\data\hc\morpher\ctrie.c')
alloc(183440880,8,26,'c:\data\hc\morpher\ctrie.c')
alloc(183437872,8,69,'c:\data\hc\morpher\cchartbl.c')
alloc(183438956,4,102,'c:\data\hc\morpher\cutility.c')
alloc(183440374,8,69,'c:\data\hc\morpher\cchartbl.c')
alloc(183442856,22,395,'c:\data\hc\morpher\cpshape.c')
alloc(183441916,8,69,'c:\data\hc\morpher\cchartbl.c')
alloc(183441168,16,87,'c:\data\hc\morpher\ctrie.c')
alloc(183441280,16,87,'c:\data\hc\morpher\ctrie.c')
alloc(183437372,16,87,'c:\data\hc\morpher\ctrie.c')
alloc(183437982,8,69,'c:\data\hc\morpher\cchartbl.c')
alloc(183443432,22,408,'c:\data\hc\morpher\cpshape.c')
alloc(183439506,8,26,'c:\data\hc\morpher\ctrie.c')
alloc(183436782,4,102,'c:\data\hc\morpher\cutility.c')
alloc(183440668,8,62,'c:\data\hc\morpher\ctrie.c')
alloc(183438172,8,69,'c:\data\hc\morpher\cchartbl.c')
alloc(183443096,8,62,'c:\data\hc\morpher\ctrie.c')
alloc(183440130,8,69,'c:\data\hc\morpher\cchartbl.c')
alloc(183440306,16,87,'c:\data\hc\morpher\ctrie.c')
alloc(183440444,8,69,'c:\data\hc\morpher\cchartbl.c')
alloc(183437450,8,26,'c:\data\hc\morpher\ctrie.c')
alloc(183442282,22,60,'c:\data\hc\morpher\cpshape.c')
alloc(183442452,16,87,'c:\data\hc\morpher\ctrie.c')
alloc(183438644,2,100,'c:\data\hc\morpher\cutility.c')
alloc(183439906,8,26,'c:\data\hc\morpher\ctrie.c')
alloc(183440556,16,87,'c:\data\hc\morpher\ctrie.c')
alloc(183441054,8,69,'c:\data\hc\morpher\cchartbl.c')
alloc(183441946,8,69,'c:\data\hc\morpher\cchartbl.c')
alloc(183439254,2,100,'c:\data\hc\morpher\cutility.c')
alloc(183441448,8,69,'c:\data\hc\morpher\cchartbl.c')
alloc(183438756,2,100,'c:\data\hc\morpher\cutility.c')
alloc(183438854,2,100,'c:\data\hc\morpher\cutility.c')
alloc(183443364,8,26,'c:\data\hc\morpher\ctrie.c')
alloc(183442424,16,87,'c:\data\hc\morpher\ctrie.c')
alloc(183439582,16,87,'c:\data\hc\morpher\ctrie.c')
alloc(183437782,8,69,'c:\data\hc\morpher\cchartbl.c')
alloc(183442720,8,26,'c:\data\hc\morpher\ctrie.c')
alloc(183443218,22,60,'c:\data\hc\morpher\cpshape.c')
alloc(183437572,8,69,'c:\data\hc\morpher\cchartbl.c')
alloc(183437992,8,69,'c:\data\hc\morpher\cchartbl.c')
alloc(183440678,8,69,'c:\data\hc\morpher\cchartbl.c')
alloc(183438182,8,69,'c:\data\hc\morpher\cchartbl.c')
alloc(183438352,6,176,'c:\data\hc\morpher\cchartbl.c')
alloc(183438962,6,176,'c:\data\hc\morpher\cchartbl.c')
alloc(183437348,16,87,'c:\data\hc\morpher\ctrie.c')
alloc(183439850,8,26,'c:\data\hc\morpher\ctrie.c')
alloc(183440454,8,69,'c:\data\hc\morpher\cchartbl.c')
alloc(183437144,22,408,'c:\data\hc\morpher\cpshape.c')
alloc(183441858,8,26,'c:\data\hc\morpher\ctrie.c')
alloc(183438686,2,100,'c:\data\hc\morpher\cutility.c')
alloc(183440630,8,26,'c:\data\hc\morpher\ctrie.c')
alloc(183441064,8,69,'c:\data\hc\morpher\cchartbl.c')
alloc(183441956,8,69,'c:\data\hc\morpher\cchartbl.c')
alloc(183438798,2,100,'c:\data\hc\morpher\cutility.c')
alloc(183436920,8,26,'c:\data\hc\morpher\ctrie.c')
alloc(183438928,4,102,'c:\data\hc\morpher\cutility.c')
alloc(183440918,16,87,'c:\data\hc\morpher\ctrie.c')
alloc(183440090,8,69,'c:\data\hc\morpher\cchartbl.c')
alloc(183437792,8,69,'c:\data\hc\morpher\cchartbl.c')
alloc(183436754,4,102,'c:\data\hc\morpher\cutility.c')
alloc(183436852,4,102,'c:\data\hc\morpher\cutility.c')
alloc(183441186,8,26,'c:\data\hc\morpher\ctrie.c')
alloc(183437390,8,26,'c:\data\hc\morpher\ctrie.c')
alloc(183439412,8,62,'c:\data\hc\morpher\ctrie.c')
alloc(183440528,16,87,'c:\data\hc\morpher\ctrie.c')
alloc(183438032,8,69,'c:\data\hc\morpher\cchartbl.c')
alloc(183443002,8,26,'c:\data\hc\morpher\ctrie.c')
alloc(183438360,216,178,'c:\data\hc\morpher\cchartbl.c')
alloc(183440212,8,26,'c:\data\hc\morpher\ctrie.c')
alloc(183436930,8,26,'c:\data\hc\morpher\ctrie.c')
alloc(183441328,8,69,'c:\data\hc\morpher\cchartbl.c')
alloc(183440862,16,87,'c:\data\hc\morpher\ctrie.c')
alloc(183442174,16,87,'c:\data\hc\morpher\ctrie.c')
alloc(183438970,216,178,'c:\data\hc\morpher\cchartbl.c')
alloc(183440324,8,26,'c:\data\hc\morpher\ctrie.c')
alloc(183442470,8,26,'c:\data\hc\morpher\ctrie.c')
alloc(183438662,4,102,'c:\data\hc\morpher\cutility.c')
alloc(183441104,8,69,'c:\data\hc\morpher\cchartbl.c')
alloc(183437722,8,69,'c:\data\hc\morpher\cchartbl.c')
alloc(183441530,16,87,'c:\data\hc\morpher\ctrie.c')
alloc(183439272,4,102,'c:\data\hc\morpher\cutility.c')
alloc(183440100,8,69,'c:\data\hc\morpher\cchartbl.c')
alloc(183438332,8,69,'c:\data\hc\morpher\cchartbl.c')
alloc(183441642,8,62,'c:\data\hc\morpher\ctrie.c')
alloc(183437932,8,69,'c:\data\hc\morpher\cchartbl.c')
alloc(183442330,22,60,'c:\data\hc\morpher\cpshape.c')
alloc(183436796,4,102,'c:\data\hc\morpher\cutility.c')
alloc(183438122,8,69,'c:\data\hc\morpher\cchartbl.c')
alloc(183436894,4,102,'c:\data\hc\morpher\cutility.c')
alloc(183440394,8,69,'c:\data\hc\morpher\cchartbl.c')
alloc(183443012,16,87,'c:\data\hc\morpher\ctrie.c')
alloc(183438770,2,100,'c:\data\hc\morpher\cutility.c')
alloc(183438868,2,100,'c:\data\hc\morpher\cutility.c')
alloc(183437542,8,69,'c:\data\hc\morpher\cchartbl.c')
alloc(183441428,8,69,'c:\data\hc\morpher\cchartbl.c')
alloc(183440030,8,69,'c:\data\hc\morpher\cchartbl.c')
alloc(183437732,8,69,'c:\data\hc\morpher\cchartbl.c')
alloc(183442702,16,87,'c:\data\hc\morpher\ctrie.c')
