(message (
 <hc6508 fname c:\data\hc\morpher\tests\variable.in > ) )
;Test setting of variables
;Open a new language for testing purposes:
(message (
 <hc6510 lname Phonology Test Language > ) )
;Don't let abort make us quit:
(message (
 <hc6502 var_name '*quit_on_error*' > ) )
;First we test error msg 6032 by passing
; morpher_set an object it doesn't know what to do with:
ERROR:hc6032 --- <hc6032 arg foobar >
;Then we test morpher_show command by asking it for the value of
; *pfeatures*, which hasn't been set yet; error msg 6003:
ERROR:hc6003 --- <hc6003 var_name '*pfeatures*' >
;Then a morpher_set command for *pfeatures*, msg 6502:
(message (
 <hc6502 var_name '*pfeatures*' > ) )
;Now we'll try morpher_show again, and this time should get the list of
; possible features back in the msg 6503:
(pretty_print (
 <hc6503 var_name '*pfeatures*' var_value (voc (+ - ) cons (+ - ) high (+ - ) low (+ - ) back (+ - ) round (+ - ) vd (+ - ) poa (bilabial alveolar velar ) asp (+ - ) del_rel (+ - ) ) > ) )
;Ensure we can set a Boolean var; we should get msg 6502:
(message (
 <hc6502 var_name '*trace_inputs*' > ) )
;Now we try to set a nonexistent var, error msg 6001:
ERROR:hc6001 --- <hc6001 var_name foobar >
;Try to set the a var to an inappropriate value; err msg 6002:
ERROR:hc6002 --- <hc6002 var_value 1 var_name '*trace_inputs*' >
;Try setting the *pfeatures* var to a list of feature values that's
; just one value too long (64 is the max). Error msg 6303:
ERROR:hc6303 --- <hc6303  >
;Now try setting the *pfeatures* var to a list of features that's
; just one value too long (32 is the max). Error msg 6306:
ERROR:hc6306 --- <hc6306  >
;Set the *strata* var (msg m6502):
(message (
 <hc6502 var_name '*strata*' > ) )
;Set the properties of the strata with some erroneous settings:
;A nonexistent stratum (m6021):
ERROR:hc6021 --- <hc6021 sname no_stratum >
;An invalid ctable name (msg m6004):
ERROR:hc6004 --- <hc6004 table_name no_ctable >
;An invalid value for cyclicity (msg m6034):
ERROR:hc6034 --- <hc6034 value foobar property cyclicity sname morphophonemic >
;An invalid value for prule order (msg m6034):
ERROR:hc6034 --- <hc6034 value foo property prule sname morphophonemic >
;...and an invalid value for mrule order (msg m6034):
ERROR:hc6034 --- <hc6034 value fum property mrule sname morphophonemic >
;Since we don't have any char tables loaded, we can't really test the loading
; of appropriate values for ctable, but we can for cyclic application (m6551):
(message (
 <hc6551 sname morphophonemic > ) )
;...and noncyclic application (m6552):
(message (
 <hc6552 sname morphophonemic > ) )
;...and linearly ordered prules (m6555):
(message (
 <hc6555 sname morphophonemic > ) )
;...and simultaneously ordered prules (m6553):
(message (
 <hc6553 sname morphophonemic > ) )
;...and linearly ordered mrules (m6556):
(message (
 <hc6556 sname morphophonemic > ) )
;...and unordered mrules (m6554):
(message (
 <hc6554 sname morphophonemic > ) )
;Show the strata names:
(pretty_print (
 <hc6503 var_name '*strata*' var_value (morphophonemic allophonic ) > ) )
;...and the prules and mrules assigned to one stratum (should be MT):
(pretty_print ( ) )
(pretty_print ( ) )
;Try show_stratum with a nonexistent stratum (msg 6021):
ERROR:hc6021 --- <hc6021 sname nonesuch >
;Since we haven't loaded any ctables, asking for a stratum's settings
; will give us error msg 6048:
ERROR:hc6048 --- <hc6048 sname allophonic >
;Done; morpher will now terminate:
(message (
 <hc6521 fname c:\data\hc\morpher\tests\variable.in > ) )
