()
(message (
 <m6508 fname 'C:\DATA\HC\MORPHER\TESTS\HEBREW\HEBREW.IN' > ) )
;$Id: hebrew.in 1.10 1995/05/12 16:07:26 Mike_Maxwell Exp $
;  modified from PC-KIMMO file HEBREW.RUL by Mike Maxwell
; Data from Generative Phonology, by Kenstowicz and Kisseberth,
; Academic Press, 1979, pp. 134-135.
; Hebrew Itpa'el pattern. Assume that all verb roots have lexical
; forms according to the patterns CVCeC or CVCCeC.
; $ = alveopalatal sibilant (s-wedge)
; x = velar fricative
; ? = glottal stop
; q = pharyngeal stop (backwards question mark)
; H = pharyngeal fricative (h with a dot under it)
(message (
 <m6502 var_name '*pfeatures*' > ) )
;Ff from Hyman "Phonology: Theory and Analysis", Holt, Rinehart and Winston, pg. 241-244
;bilabial =     [-back -high -low +ant -cor]
;alveolar =     [-back -high -low +ant +cor]
;alveopalatal = [-back +high -low -ant +cor]
;velar =        [+back +high -low -ant -cor]
;pharyngeal =   [+back -high +low -ant -cor]
;glottal =      [-back -high +low -ant -cor]
;Note that the Cs have to be specified for all the features used with alpha variables
(message (
 <m6501 table_name table1 > ) )
;Now set the strata (just one):
(message (
 <m6502 var_name '*strata*' > ) )
;...and set their ctables (msg 6550):
(message (
 <m6550 sname morphophonemic ctable_name table1 > ) )
(message (
 <m6550 sname '*surface*' ctable_name table1 > ) )
;...and the cyclicity of the morphophonemic stratum (msg 6552):
(message (
 <m6552 sname morphophonemic > ) )
;...and the order of the prules and mrules:
(message (
 <m6555 sname morphophonemic > ) )
(message (
 <m6556 sname morphophonemic > ) )
(message (
 <m6515 n 29 fname "c:\data\hc\morpher\tests\hebrew\hebrew.dic" >
 <m6700  > ) )
;Load the natural classes:
(message (
 <m6541 nat_class_name null > ) )
(message (
 <m6541 nat_class_name cons > ) )
(message (
 <m6541 nat_class_name vowel > ) )
(message (
 <m6541 nat_class_name voiced > ) )
(message (
 <m6541 nat_class_name voiceless > ) )
(message (
 <m6541 nat_class_name nonson_vd > ) )
(message (
 <m6541 nat_class_name strident_cons > ) )
(message (
 <m6541 nat_class_name bp > ) )
(message (
 <m6541 nat_class_name dt > ) )
(message (
 <m6541 nat_class_name t > ) )
(message (
 <m6541 nat_class_name 'Q' > ) )
(message (
 <m6541 nat_class_name pharyngeal > ) )
(message (
 <m6541 nat_class_name i > ) )
(message (
 <m6541 nat_class_name e > ) )
(message (
 <m6541 nat_class_name a > ) )
(message (
 <m6541 nat_class_name low_back > ) )
;-----------------------------PHONOLOGICAL RULES
; glottal/pharyngeal stop Deletion
; LR: it+male?+ti  it+male?
; SR: it0male00ti  it0male0
;Must be ordered before lowering (qv)
;RULE "14 Q:0 correspondences" (doesn't correspond to anything in HC)
; Q = ? q
;RULE "15 Deletion 2, Q:0 <=> ___[C|#]" 3 6
; The HC anal is a little different: they delete before /t/ (note phonetic similarity, and allophonic
; variation in English between these two) and __#:
; {q ?} --> 0 / V __ {t #}
(message (
 <m6505 rname 'Q_deletion' > ) )
; Lowering
; LR: it+parnes+ti  it+motet+ti
; SR: it0parnas0ti  it0mota00ti
; IAW PC-KIMMO file, "doesn't occur before ?:0"; we handle it by ordering this rule after Q-delete
; (see K&K first three words under (d) on pg. 135).  (Note that the CC is obligatory.)
; Ordered before D_deletion, which counterbleeds this rule.
;RULE "3 Lowering, e:a <= ___CC(+:0)i#"
;RULE "4 Lowering, e:a => ___CC(+:0)i#"
(message (
 <m6505 rname lowering > ) )
; Deletion 1
; LR: it+motet+ti  it+boded+ti
; SR: it0mota00ti  id0boda00ti
;RULE "8 Deletion 1, D:0 <=> ___(+:0)t" 3 6
; {d t} -> 0 / __ + t
; Bleeds syncope and degemination.  Ordered after lowering, which it counterbleeds.
(message (
 <m6505 rname 'D_deletion' > ) )
; Syncope
; In analysis used in PC-KIMMO, occurs only between non-identical consonants; I have reanalyzed it
; to be deletion between any two Cs, followed by epenthesis between two identical Cs.
; LR: it+Hamek+u  it+xamem+u
; SR: it0Ham0k0u  it0xamem0u
;RULE "9 Syncope, e:0 => VC___C(+:0)V#"
;RULE "10 Syncope, e:0 <= VC___C(+:0)V#"
;Order: syncope before degemination before before voicing 2
(message (
 <m6505 rname syncope > ) )
(message (
 <m6505 rname degemination > ) )
; Voicing 1
; LR: it+balbel
; SR: id0balbel
; B = b g z  (there are no ex's of /t/ before d, so I have assumed it works there too--MM)
;RULE "5 Voicing 1, t:d <=> ___(+:0)B" 3 5
(message (
 <m6505 rname voicing1 > ) )
; Voicing 2
; LR: it+labe$+u
; SR: it0lap0$0u
;RULE "6 Voicing 2, b:p <=> ___V:0$"
; I have reanalyzed this as b -> p / __[-vd], which is ordered after syncope and degemination
(message (
 <m6505 rname voicing2 > ) )
; Metathesis
; LR: it+saper  it+zaken
; SR: is0taper  iz0daken
;RULE "11 Metathesis, t:{s,z,$,c} <= ___(+:0){s,z,$,c}:t"
;Since HC has no direct framework for metathesis, we analyze as two rules.  Allows /d/ to methathesize
; also (see 'age' and 'hurry' in K&K p.135)
; 0 --> {t d} / {t d} [C +strident] __
; {t d} --> 0 / __ [C +strident] {t d}
; in that order
(message (
 <m6505 rname metathesis1 > ) )
(message (
 <m6505 rname metathesis2 > ) )
; Devoicing
; LR: it+zarez+ti
; SR: iz0daras0ti
;RULE "13 Devoicing, z:s <=> ___(+:0)t" 3 5
(message (
 <m6505 rname devoicing > ) )
; Epenthesis
; LR: it+pate0H
; SR: it0pateaH
; This epenthetic a is the so-called "furtive patah".
;RULE "16 Epenthesis, 0:a <=> e___P:#" (where P = pharyngeal)
(message (
 <m6505 rname epenthesis > ) )
;--------------------------------MORPHOLOGICAL RULES
(message (
 <m6505 rname first_sg > ) )
(message (
 <m6505 rname third_sgf > ) )
(message (
 <m6505 rname it_prefix > ) )
;(trace_morpher_rule message (true true first_sg))
;(trace_morpher_rule message (true true third_sgf))
;(trace_morpher_rule message (true true it_prefix))
;Don't let errors stop us:
(message (
 <m6502 var_name '*quit_on_error*' > ) )
;-----------------------TEST ITEMS
Timer: get_applic_prules: 0.027
Timer: unapply_prules: 0.041
Timer: lookup_pshape: 0.025
Timer: generate_derivation: 0.101
Timer: test_derivation: 0.141
Timer: generate_and_test: 0.256
Timer: lookup_pshape: 0.030
Timer: lookup_pshape: 0.021
Timer: lookup_pshape: 0.022
Timer: lookup_pshape: 0.020
Timer: lookup_pshape: 0.022
Timer: lookup_pshape: 0.021
Timer: lookup_pshape: 0.028
Timer: lookup_pshape: 0.053
Timer: lookup_pshape: 0.024
Timer: lookup_pshape: 0.020
Timer: lookup_pshape: 0.023
Timer: morph_and_lookup_word: 0.656
(message (word_analysis
 <lex_entry shape "istaparti" family '*null*' gloss "IT-get a haircut-1SG" morphing "IT[[get a haircut]V 1SG]V " pos 'V' subcat ( ) mrules (first_sg it_prefix ) stratum '*surface*' mp_rule_features ( ) oblig_features ( ) pseudo false > ) )
Timer: get_applic_prules: 0.002
Timer: unapply_prules: 0.046
Timer: lookup_pshape: 0.028
Timer: generate_derivation: 0.124
Timer: test_derivation: 0.176
Timer: generate_and_test: 0.312
Timer: lookup_pshape: 0.020
Timer: lookup_pshape: 0.026
Timer: lookup_pshape: 0.020
Timer: lookup_pshape: 0.021
Timer: lookup_pshape: 0.027
Timer: lookup_pshape: 0.019
Timer: morph_and_lookup_word: 0.545
(message (word_analysis
 <lex_entry shape "itparnasti" family '*null*' gloss "IT-earn-1SG" morphing "IT[[earn]V 1SG]V " pos 'V' subcat ( ) mrules (first_sg it_prefix ) stratum '*surface*' mp_rule_features ( ) oblig_features ( ) pseudo false > ) )
Timer: get_applic_prules: 0.003
Timer: unapply_prules: 0.026
Timer: lookup_pshape: 0.024
Timer: generate_derivation: 0.058
Timer: test_derivation: 0.105
Timer: generate_and_test: 0.171
Timer: morph_and_lookup_word: 0.196
(message (word_analysis
 <lex_entry shape "itparnes" family '*null*' gloss "IT-earn" morphing "IT[earn]V " pos 'V' subcat ( ) mrules (it_prefix ) stratum '*surface*' mp_rule_features ( ) oblig_features ( ) pseudo false > ) )
Timer: get_applic_prules: 0.003
Timer: unapply_prules: 0.031
Timer: lookup_pshape: 0.032
Timer: generate_derivation: 0.079
Timer: test_derivation: 0.135
Timer: generate_and_test: 0.255
Timer: morph_and_lookup_word: 0.279
(message (word_analysis
 <lex_entry shape "itparnesu" family '*null*' gloss "IT-earn-3SGF" morphing "IT[[earn]V 3SGF]V " pos 'V' subcat ( ) mrules (third_sgf it_prefix ) stratum '*surface*' mp_rule_features ( ) oblig_features ( ) pseudo false > ) )
Timer: get_applic_prules: 0.004
Timer: unapply_prules: 0.033
Timer: lookup_pshape: 0.033
Timer: generate_derivation: 0.100
Timer: test_derivation: 0.159
Timer: generate_and_test: 0.268
Timer: lookup_pshape: 0.023
Timer: lookup_pshape: 0.028
Timer: lookup_pshape: 0.021
Timer: morph_and_lookup_word: 0.393
(message (word_analysis
 <lex_entry shape "itparsamti" family '*null*' gloss "IT-become famous-1SG" morphing "IT[[become famous]V 1SG]V " pos 'V' subcat ( ) mrules (first_sg it_prefix ) stratum '*surface*' mp_rule_features ( ) oblig_features ( ) pseudo false > ) )
Timer: get_applic_prules: 0.003
Timer: unapply_prules: 0.028
Timer: lookup_pshape: 0.022
Timer: generate_derivation: 0.059
Timer: test_derivation: 0.105
Timer: generate_and_test: 0.172
Timer: morph_and_lookup_word: 0.192
(message (word_analysis
 <lex_entry shape "itparsem" family '*null*' gloss "IT-become famous" morphing "IT[become famous]V " pos 'V' subcat ( ) mrules (it_prefix ) stratum '*surface*' mp_rule_features ( ) oblig_features ( ) pseudo false > ) )
Timer: get_applic_prules: 0.003
Timer: unapply_prules: 0.029
Timer: lookup_pshape: 0.022
Timer: generate_derivation: 0.069
Timer: test_derivation: 0.131
Timer: generate_and_test: 0.240
Timer: morph_and_lookup_word: 0.262
(message (word_analysis
 <lex_entry shape "itparsemu" family '*null*' gloss "IT-become famous-3SGF" morphing "IT[[become famous]V 3SGF]V " pos 'V' subcat ( ) mrules (third_sgf it_prefix ) stratum '*surface*' mp_rule_features ( ) oblig_features ( ) pseudo false > ) )
Timer: get_applic_prules: 0.002
Timer: unapply_prules: 0.040
Timer: lookup_pshape: 0.046
Timer: generate_derivation: 0.116
Timer: test_derivation: 0.158
Timer: generate_and_test: 0.284
Timer: lookup_pshape: 0.039
Timer: lookup_pshape: 0.027
Timer: lookup_pshape: 0.021
Timer: morph_and_lookup_word: 0.423
(message (word_analysis
 <lex_entry shape "idbalbalti" family '*null*' gloss "IT-be confused-1SG" morphing "IT[[be confused]V 1SG]V " pos 'V' subcat ( ) mrules (first_sg it_prefix ) stratum '*surface*' mp_rule_features ( ) oblig_features ( ) pseudo false > ) )
Timer: get_applic_prules: 0.003
Timer: unapply_prules: 0.029
Timer: lookup_pshape: 0.021
Timer: generate_derivation: 0.059
Timer: test_derivation: 0.109
Timer: generate_and_test: 0.175
Timer: morph_and_lookup_word: 0.197
(message (word_analysis
 <lex_entry shape "idbalbel" family '*null*' gloss "IT-be confused" morphing "IT[be confused]V " pos 'V' subcat ( ) mrules (it_prefix ) stratum '*surface*' mp_rule_features ( ) oblig_features ( ) pseudo false > ) )
Timer: get_applic_prules: 0.034
Timer: unapply_prules: 0.033
Timer: lookup_pshape: 0.027
Timer: generate_derivation: 0.076
Timer: test_derivation: 0.137
Timer: generate_and_test: 0.221
Timer: morph_and_lookup_word: 0.274
(message (word_analysis
 <lex_entry shape "idbalbelu" family '*null*' gloss "IT-be confused-3SGF" morphing "IT[[be confused]V 3SGF]V " pos 'V' subcat ( ) mrules (third_sgf it_prefix ) stratum '*surface*' mp_rule_features ( ) oblig_features ( ) pseudo false > ) )
Timer: get_applic_prules: 0.002
Timer: unapply_prules: 0.036
Timer: lookup_pshape: 0.049
Timer: generate_derivation: 0.119
Timer: test_derivation: 0.156
Timer: generate_and_test: 0.284
Timer: lookup_pshape: 0.026
Timer: lookup_pshape: 0.026
Timer: lookup_pshape: 0.020
Timer: morph_and_lookup_word: 0.414
(message (word_analysis
 <lex_entry shape "idgalgalti" family '*null*' gloss "IT-revolve-1SG" morphing "IT[[revolve]V 1SG]V " pos 'V' subcat ( ) mrules (first_sg it_prefix ) stratum '*surface*' mp_rule_features ( ) oblig_features ( ) pseudo false > ) )
Timer: get_applic_prules: 0.003
Timer: unapply_prules: 0.029
Timer: lookup_pshape: 0.024
Timer: generate_derivation: 0.061
Timer: test_derivation: 0.103
Timer: generate_and_test: 0.173
Timer: morph_and_lookup_word: 0.193
(message (word_analysis
 <lex_entry shape "idgalgel" family '*null*' gloss "IT-revolve" morphing "IT[revolve]V " pos 'V' subcat ( ) mrules (it_prefix ) stratum '*surface*' mp_rule_features ( ) oblig_features ( ) pseudo false > ) )
Timer: get_applic_prules: 0.004
Timer: unapply_prules: 0.032
Timer: lookup_pshape: 0.029
Timer: generate_derivation: 0.079
Timer: test_derivation: 0.128
Timer: generate_and_test: 0.248
Timer: morph_and_lookup_word: 0.272
(message (word_analysis
 <lex_entry shape "idgalgelu" family '*null*' gloss "IT-revolve-3SGF" morphing "IT[[revolve]V 3SGF]V " pos 'V' subcat ( ) mrules (third_sgf it_prefix ) stratum '*surface*' mp_rule_features ( ) oblig_features ( ) pseudo false > ) )
Timer: get_applic_prules: 0.002
Timer: unapply_prules: 0.032
Timer: lookup_pshape: 0.023
Timer: generate_derivation: 0.087
Timer: test_derivation: 0.136
Timer: generate_and_test: 0.232
Timer: lookup_pshape: 0.047
Timer: lookup_pshape: 0.025
Timer: lookup_pshape: 0.021
Timer: morph_and_lookup_word: 0.378
(message (word_analysis
 <lex_entry shape "itHamakti" family '*null*' gloss "IT-turn away-1SG" morphing "IT[[turn away]V 1SG]V " pos 'V' subcat ( ) mrules (first_sg it_prefix ) stratum '*surface*' mp_rule_features ( ) oblig_features ( ) pseudo false > ) )
Timer: get_applic_prules: 0.002
Timer: unapply_prules: 0.024
Timer: lookup_pshape: 0.020
Timer: generate_derivation: 0.056
Timer: test_derivation: 0.083
Timer: generate_and_test: 0.147
Timer: morph_and_lookup_word: 0.168
(message (word_analysis
 <lex_entry shape "itHamek" family '*null*' gloss "IT-turn away" morphing "IT[turn away]V " pos 'V' subcat ( ) mrules (it_prefix ) stratum '*surface*' mp_rule_features ( ) oblig_features ( ) pseudo false > ) )
Timer: get_applic_prules: 0.002
Timer: unapply_prules: 0.027
Timer: lookup_pshape: 0.022
Timer: generate_derivation: 0.065
Timer: test_derivation: 0.097
Timer: generate_and_test: 0.201
Timer: morph_and_lookup_word: 0.223
(message (word_analysis
 <lex_entry shape "itHamku" family '*null*' gloss "IT-turn away-3SGF" morphing "IT[[turn away]V 3SGF]V " pos 'V' subcat ( ) mrules (third_sgf it_prefix ) stratum '*surface*' mp_rule_features ( ) oblig_features ( ) pseudo false > ) )
Timer: get_applic_prules: 0.003
Timer: unapply_prules: 0.045
Timer: lookup_pshape: 0.021
Timer: generate_derivation: 0.115
Timer: test_derivation: 0.141
Timer: generate_and_test: 0.266
Timer: lookup_pshape: 0.028
Timer: lookup_pshape: 0.041
Timer: lookup_pshape: 0.023
Timer: lookup_pshape: 0.020
Timer: lookup_pshape: 0.025
Timer: lookup_pshape: 0.020
Timer: morph_and_lookup_word: 0.508
(message (word_analysis
 <lex_entry shape "itlaba$ti" family '*null*' gloss "IT-get dressed-1SG" morphing "IT[[get dressed]V 1SG]V " pos 'V' subcat ( ) mrules (first_sg it_prefix ) stratum '*surface*' mp_rule_features ( ) oblig_features ( ) pseudo false > ) )
Timer: get_applic_prules: 0.002
Timer: unapply_prules: 0.024
Timer: lookup_pshape: 0.029
Timer: generate_derivation: 0.062
Timer: test_derivation: 0.086
Timer: generate_and_test: 0.156
Timer: morph_and_lookup_word: 0.180
(message (word_analysis
 <lex_entry shape "itlabe$" family '*null*' gloss "IT-get dressed" morphing "IT[get dressed]V " pos 'V' subcat ( ) mrules (it_prefix ) stratum '*surface*' mp_rule_features ( ) oblig_features ( ) pseudo false > ) )
Timer: get_applic_prules: 0.003
Timer: unapply_prules: 0.027
Timer: lookup_pshape: 0.028
Timer: generate_derivation: 0.073
Timer: test_derivation: 0.101
Timer: generate_and_test: 0.214
Timer: morph_and_lookup_word: 0.234
(message (word_analysis
 <lex_entry shape "itlap$u" family '*null*' gloss "IT-get dressed-3SGF" morphing "IT[[get dressed]V 3SGF]V " pos 'V' subcat ( ) mrules (third_sgf it_prefix ) stratum '*surface*' mp_rule_features ( ) oblig_features ( ) pseudo false > ) )
Timer: get_applic_prules: 0.003
Timer: unapply_prules: 0.033
Timer: lookup_pshape: 0.028
Timer: generate_derivation: 0.093
Timer: test_derivation: 0.135
Timer: generate_and_test: 0.237
Timer: lookup_pshape: 0.021
Timer: lookup_pshape: 0.026
Timer: lookup_pshape: 0.019
Timer: morph_and_lookup_word: 0.357
(message (word_analysis
 <lex_entry shape "idbadarti" family '*null*' gloss "IT-make fun-1SG" morphing "IT[[make fun]V 1SG]V " pos 'V' subcat ( ) mrules (first_sg it_prefix ) stratum '*surface*' mp_rule_features ( ) oblig_features ( ) pseudo false > ) )
Timer: get_applic_prules: 0.003
Timer: unapply_prules: 0.025
Timer: lookup_pshape: 0.042
Timer: generate_derivation: 0.077
Timer: test_derivation: 0.086
Timer: generate_and_test: 0.171
Timer: morph_and_lookup_word: 0.192
(message (word_analysis
 <lex_entry shape "idbader" family '*null*' gloss "IT-make fun" morphing "IT[make fun]V " pos 'V' subcat ( ) mrules (it_prefix ) stratum '*surface*' mp_rule_features ( ) oblig_features ( ) pseudo false > ) )
Timer: get_applic_prules: 0.003
Timer: unapply_prules: 0.028
Timer: lookup_pshape: 0.024
Timer: generate_derivation: 0.068
Timer: test_derivation: 0.106
Timer: generate_and_test: 0.212
Timer: morph_and_lookup_word: 0.233
(message (word_analysis
 <lex_entry shape "idbadru" family '*null*' gloss "IT-make fun-3SGF" morphing "IT[[make fun]V 3SGF]V " pos 'V' subcat ( ) mrules (third_sgf it_prefix ) stratum '*surface*' mp_rule_features ( ) oblig_features ( ) pseudo false > ) )
Timer: get_applic_prules: 0.002
Timer: unapply_prules: 0.043
Timer: lookup_pshape: 0.021
Timer: generate_derivation: 0.115
Timer: test_derivation: 0.139
Timer: generate_and_test: 0.262
Timer: lookup_pshape: 0.022
Timer: lookup_pshape: 0.026
Timer: lookup_pshape: 0.021
Timer: lookup_pshape: 0.020
Timer: lookup_pshape: 0.020
Timer: lookup_pshape: 0.020
Timer: morph_and_lookup_word: 0.480
(message (word_analysis
 <lex_entry shape "idgara$ti" family '*null*' gloss "IT-divorce-1SG" morphing "IT[[divorce]V 1SG]V " pos 'V' subcat ( ) mrules (first_sg it_prefix ) stratum '*surface*' mp_rule_features ( ) oblig_features ( ) pseudo false > ) )
Timer: get_applic_prules: 0.003
Timer: unapply_prules: 0.024
Timer: lookup_pshape: 0.022
Timer: generate_derivation: 0.054
Timer: test_derivation: 0.083
Timer: generate_and_test: 0.145
Timer: morph_and_lookup_word: 0.171
(message (word_analysis
 <lex_entry shape "idgare$" family '*null*' gloss "IT-divorce" morphing "IT[divorce]V " pos 'V' subcat ( ) mrules (it_prefix ) stratum '*surface*' mp_rule_features ( ) oblig_features ( ) pseudo false > ) )
Timer: get_applic_prules: 0.004
Timer: unapply_prules: 0.027
Timer: lookup_pshape: 0.032
Timer: generate_derivation: 0.076
Timer: test_derivation: 0.097
Timer: generate_and_test: 0.214
Timer: morph_and_lookup_word: 0.236
(message (word_analysis
 <lex_entry shape "idgar$u" family '*null*' gloss "IT-divorce-3SGF" morphing "IT[[divorce]V 3SGF]V " pos 'V' subcat ( ) mrules (third_sgf it_prefix ) stratum '*surface*' mp_rule_features ( ) oblig_features ( ) pseudo false > ) )
Timer: get_applic_prules: 0.002
Timer: unapply_prules: 0.033
Timer: lookup_pshape: 0.027
Timer: generate_derivation: 0.091
Timer: test_derivation: 0.136
Timer: generate_and_test: 0.236
Timer: lookup_pshape: 0.023
Timer: lookup_pshape: 0.019
Timer: lookup_pshape: 0.020
Timer: morph_and_lookup_word: 0.348
(message (word_analysis
 <lex_entry shape "itpalalti" family '*null*' gloss "IT-pray-1SG" morphing "IT[[pray]V 1SG]V " pos 'V' subcat ( ) mrules (first_sg it_prefix ) stratum '*surface*' mp_rule_features ( ) oblig_features ( ) pseudo false > ) )
Timer: get_applic_prules: 0.004
Timer: unapply_prules: 0.024
Timer: lookup_pshape: 0.021
Timer: generate_derivation: 0.054
Timer: test_derivation: 0.086
Timer: generate_and_test: 0.146
Timer: morph_and_lookup_word: 0.168
(message (word_analysis
 <lex_entry shape "itpalel" family '*null*' gloss "IT-pray" morphing "IT[pray]V " pos 'V' subcat ( ) mrules (it_prefix ) stratum '*surface*' mp_rule_features ( ) oblig_features ( ) pseudo false > ) )
Timer: get_applic_prules: 0.003
Timer: unapply_prules: 0.032
Timer: lookup_pshape: 0.027
Timer: generate_derivation: 0.076
Timer: test_derivation: 0.063
Timer: generate_and_test: 0.178
Timer: morph_and_lookup_word: 0.200
(message (word_analysis
 <lex_entry shape "itpalelu" family '*null*' gloss "IT-pray-3SGF" morphing "IT[[pray]V 3SGF]V " pos 'V' subcat ( ) mrules (third_sgf it_prefix ) stratum '*surface*' mp_rule_features ( ) oblig_features ( ) pseudo false > ) )
Timer: get_applic_prules: 0.003
Timer: unapply_prules: 0.031
Timer: lookup_pshape: 0.031
Timer: generate_derivation: 0.097
Timer: test_derivation: 0.132
Timer: generate_and_test: 0.238
Timer: lookup_pshape: 0.021
Timer: lookup_pshape: 0.027
Timer: lookup_pshape: 0.021
Timer: morph_and_lookup_word: 0.360
(message (word_analysis
 <lex_entry shape "itxamamti" family '*null*' gloss "IT-warm-1SG" morphing "IT[[warm]V 1SG]V " pos 'V' subcat ( ) mrules (first_sg it_prefix ) stratum '*surface*' mp_rule_features ( ) oblig_features ( ) pseudo false > ) )
Timer: get_applic_prules: 0.003
Timer: unapply_prules: 0.024
Timer: lookup_pshape: 0.021
Timer: generate_derivation: 0.055
Timer: test_derivation: 0.086
Timer: generate_and_test: 0.148
Timer: morph_and_lookup_word: 0.169
(message (word_analysis
 <lex_entry shape "itxamem" family '*null*' gloss "IT-warm" morphing "IT[warm]V " pos 'V' subcat ( ) mrules (it_prefix ) stratum '*surface*' mp_rule_features ( ) oblig_features ( ) pseudo false > ) )
Timer: get_applic_prules: 0.003
Timer: unapply_prules: 0.064
Timer: lookup_pshape: 0.021
Timer: generate_derivation: 0.107
Timer: test_derivation: 0.060
Timer: generate_and_test: 0.175
Timer: morph_and_lookup_word: 0.197
(message (word_analysis
 <lex_entry shape "itxamemu" family '*null*' gloss "IT-warm-3SGF" morphing "IT[[warm]V 3SGF]V " pos 'V' subcat ( ) mrules (third_sgf it_prefix ) stratum '*surface*' mp_rule_features ( ) oblig_features ( ) pseudo false > ) )
Timer: get_applic_prules: 0.003
Timer: unapply_prules: 0.031
Timer: lookup_pshape: 0.021
Timer: generate_derivation: 0.087
Timer: test_derivation: 0.099
Timer: generate_and_test: 0.195
Timer: morph_and_lookup_word: 0.225
(message (word_analysis
 <lex_entry shape "itmotati" family '*null*' gloss "IT-quake-1SG" morphing "IT[[quake]V 1SG]V " pos 'V' subcat ( ) mrules (first_sg it_prefix ) stratum '*surface*' mp_rule_features ( ) oblig_features ( ) pseudo false > ) )
Timer: get_applic_prules: 0.003
Timer: unapply_prules: 0.030
Timer: lookup_pshape: 0.025
Timer: generate_derivation: 0.063
Timer: test_derivation: 0.090
Timer: generate_and_test: 0.160
Timer: morph_and_lookup_word: 0.182
(message (word_analysis
 <lex_entry shape "itmotet" family '*null*' gloss "IT-quake" morphing "IT[quake]V " pos 'V' subcat ( ) mrules (it_prefix ) stratum '*surface*' mp_rule_features ( ) oblig_features ( ) pseudo false > ) )
Timer: get_applic_prules: 0.003
Timer: unapply_prules: 0.070
Timer: lookup_pshape: 0.023
Timer: generate_derivation: 0.111
Timer: test_derivation: 0.067
Timer: generate_and_test: 0.187
Timer: morph_and_lookup_word: 0.211
(message (word_analysis
 <lex_entry shape "itmotetu" family '*null*' gloss "IT-quake-3SGF" morphing "IT[[quake]V 3SGF]V " pos 'V' subcat ( ) mrules (third_sgf it_prefix ) stratum '*surface*' mp_rule_features ( ) oblig_features ( ) pseudo false > ) )
Timer: get_applic_prules: 0.004
Timer: unapply_prules: 0.043
Timer: lookup_pshape: 0.030
Timer: generate_derivation: 0.123
Timer: test_derivation: 0.143
Timer: generate_and_test: 0.274
Timer: lookup_pshape: 0.021
Timer: lookup_pshape: 0.030
Timer: lookup_pshape: 0.023
Timer: lookup_pshape: 0.022
Timer: lookup_pshape: 0.042
Timer: lookup_pshape: 0.032
Timer: morph_and_lookup_word: 0.527
(message (word_analysis
 <lex_entry shape "it?o$a$ti" family '*null*' gloss "IT-recover consciousness-1SG" morphing "IT[[recover consciousness]V 1SG]V " pos 'V' subcat ( ) mrules (first_sg it_prefix ) stratum '*surface*' mp_rule_features ( ) oblig_features ( ) pseudo false > ) )
Timer: get_applic_prules: 0.003
Timer: unapply_prules: 0.025
Timer: lookup_pshape: 0.025
Timer: generate_derivation: 0.058
Timer: test_derivation: 0.089
Timer: generate_and_test: 0.154
Timer: morph_and_lookup_word: 0.179
(message (word_analysis
 <lex_entry shape "it?o$e$" family '*null*' gloss "IT-recover consciousness" morphing "IT[recover consciousness]V " pos 'V' subcat ( ) mrules (it_prefix ) stratum '*surface*' mp_rule_features ( ) oblig_features ( ) pseudo false > ) )
Timer: get_applic_prules: 0.023
Timer: unapply_prules: 0.032
Timer: lookup_pshape: 0.029
Timer: generate_derivation: 0.077
Timer: test_derivation: 0.066
Timer: generate_and_test: 0.151
Timer: morph_and_lookup_word: 0.193
(message (word_analysis
 <lex_entry shape "it?o$e$u" family '*null*' gloss "IT-recover consciousness-3SGF" morphing "IT[[recover consciousness]V 3SGF]V " pos 'V' subcat ( ) mrules (third_sgf it_prefix ) stratum '*surface*' mp_rule_features ( ) oblig_features ( ) pseudo false > ) )
Timer: get_applic_prules: 0.003
Timer: unapply_prules: 0.031
Timer: lookup_pshape: 0.028
Timer: generate_derivation: 0.093
Timer: test_derivation: 0.099
Timer: generate_and_test: 0.201
Timer: morph_and_lookup_word: 0.236
(message (word_analysis
 <lex_entry shape "idbodati" family '*null*' gloss "IT-seclude oneself-1SG" morphing "IT[[seclude oneself]V 1SG]V " pos 'V' subcat ( ) mrules (first_sg it_prefix ) stratum '*surface*' mp_rule_features ( ) oblig_features ( ) pseudo false > ) )
Timer: get_applic_prules: 0.002
Timer: unapply_prules: 0.026
Timer: lookup_pshape: 0.028
Timer: generate_derivation: 0.064
Timer: test_derivation: 0.087
Timer: generate_and_test: 0.158
Timer: morph_and_lookup_word: 0.178
(message (word_analysis
 <lex_entry shape "idboded" family '*null*' gloss "IT-seclude oneself" morphing "IT[seclude oneself]V " pos 'V' subcat ( ) mrules (it_prefix ) stratum '*surface*' mp_rule_features ( ) oblig_features ( ) pseudo false > ) )
Timer: get_applic_prules: 0.021
Timer: unapply_prules: 0.033
Timer: lookup_pshape: 0.031
Timer: generate_derivation: 0.080
Timer: test_derivation: 0.067
Timer: generate_and_test: 0.155
Timer: morph_and_lookup_word: 0.197
(message (word_analysis
 <lex_entry shape "idbodedu" family '*null*' gloss "IT-seclude oneself-3SGF" morphing "IT[[seclude oneself]V 3SGF]V " pos 'V' subcat ( ) mrules (third_sgf it_prefix ) stratum '*surface*' mp_rule_features ( ) oblig_features ( ) pseudo false > ) )
Timer: get_applic_prules: 0.003
Timer: unapply_prules: 0.041
Timer: lookup_pshape: 0.034
Timer: generate_derivation: 0.111
Timer: test_derivation: 0.134
Timer: generate_and_test: 0.255
Timer: lookup_pshape: 0.022
Timer: lookup_pshape: 0.023
Timer: lookup_pshape: 0.021
Timer: lookup_pshape: 0.028
Timer: lookup_pshape: 0.020
Timer: lookup_pshape: 0.021
Timer: lookup_pshape: 0.020
Timer: lookup_pshape: 0.022
Timer: lookup_pshape: 0.020
Timer: lookup_pshape: 0.021
Timer: lookup_pshape: 0.028
Timer: morph_and_lookup_word: 0.590
(message (word_analysis
 <lex_entry shape "istaparti" family '*null*' gloss "IT-get a haircut-1SG" morphing "IT[[get a haircut]V 1SG]V " pos 'V' subcat ( ) mrules (first_sg it_prefix ) stratum '*surface*' mp_rule_features ( ) oblig_features ( ) pseudo false > ) )
Timer: get_applic_prules: 0.002
Timer: unapply_prules: 0.037
Timer: lookup_pshape: 0.024
Timer: generate_derivation: 0.069
Timer: test_derivation: 0.089
Timer: generate_and_test: 0.166
Timer: lookup_pshape: 0.025
Timer: lookup_pshape: 0.027
Timer: morph_and_lookup_word: 0.248
(message (word_analysis
 <lex_entry shape "istaper" family '*null*' gloss "IT-get a haircut" morphing "IT[get a haircut]V " pos 'V' subcat ( ) mrules (it_prefix ) stratum '*surface*' mp_rule_features ( ) oblig_features ( ) pseudo false > ) )
Timer: get_applic_prules: 0.035
Timer: unapply_prules: 0.035
Timer: lookup_pshape: 0.034
Timer: generate_derivation: 0.087
Timer: test_derivation: 0.103
Timer: generate_and_test: 0.198
Timer: lookup_pshape: 0.031
Timer: lookup_pshape: 0.022
Timer: morph_and_lookup_word: 0.319
(message (word_analysis
 <lex_entry shape "istapru" family '*null*' gloss "IT-get a haircut-3SGF" morphing "IT[[get a haircut]V 3SGF]V " pos 'V' subcat ( ) mrules (third_sgf it_prefix ) stratum '*surface*' mp_rule_features ( ) oblig_features ( ) pseudo false > ) )
Timer: get_applic_prules: 0.002
Timer: unapply_prules: 0.040
Timer: lookup_pshape: 0.021
Timer: generate_derivation: 0.096
Timer: test_derivation: 0.139
Timer: generate_and_test: 0.244
Timer: lookup_pshape: 0.022
Timer: lookup_pshape: 0.029
Timer: lookup_pshape: 0.024
Timer: lookup_pshape: 0.021
Timer: lookup_pshape: 0.021
Timer: lookup_pshape: 0.020
Timer: lookup_pshape: 0.029
Timer: lookup_pshape: 0.021
Timer: lookup_pshape: 0.020
Timer: lookup_pshape: 0.021
Timer: lookup_pshape: 0.020
Timer: morph_and_lookup_word: 0.579
(message (word_analysis
 <lex_entry shape "istarakti" family '*null*' gloss "IT-comb hair-1SG" morphing "IT[[comb hair]V 1SG]V " pos 'V' subcat ( ) mrules (first_sg it_prefix ) stratum '*surface*' mp_rule_features ( ) oblig_features ( ) pseudo false > ) )
Timer: get_applic_prules: 0.003
Timer: unapply_prules: 0.032
Timer: lookup_pshape: 0.022
Timer: generate_derivation: 0.061
Timer: test_derivation: 0.095
Timer: generate_and_test: 0.165
Timer: lookup_pshape: 0.049
Timer: lookup_pshape: 0.025
Timer: morph_and_lookup_word: 0.271
(message (word_analysis
 <lex_entry shape "istarek" family '*null*' gloss "IT-comb hair" morphing "IT[comb hair]V " pos 'V' subcat ( ) mrules (it_prefix ) stratum '*surface*' mp_rule_features ( ) oblig_features ( ) pseudo false > ) )
Timer: get_applic_prules: 0.002
Timer: unapply_prules: 0.037
Timer: lookup_pshape: 0.021
Timer: generate_derivation: 0.076
Timer: test_derivation: 0.099
Timer: generate_and_test: 0.183
Timer: lookup_pshape: 0.020
Timer: lookup_pshape: 0.025
Timer: morph_and_lookup_word: 0.296
(message (word_analysis
 <lex_entry shape "istarku" family '*null*' gloss "IT-comb hair-3SGF" morphing "IT[[comb hair]V 3SGF]V " pos 'V' subcat ( ) mrules (third_sgf it_prefix ) stratum '*surface*' mp_rule_features ( ) oblig_features ( ) pseudo false > ) )
Timer: get_applic_prules: 0.003
Timer: unapply_prules: 0.040
Timer: lookup_pshape: 0.021
Timer: generate_derivation: 0.097
Timer: test_derivation: 0.131
Timer: generate_and_test: 0.237
Timer: lookup_pshape: 0.028
Timer: lookup_pshape: 0.020
Timer: lookup_pshape: 0.026
Timer: lookup_pshape: 0.019
Timer: lookup_pshape: 0.020
Timer: lookup_pshape: 0.020
Timer: lookup_pshape: 0.020
Timer: lookup_pshape: 0.020
Timer: lookup_pshape: 0.041
Timer: lookup_pshape: 0.030
Timer: lookup_pshape: 0.020
Timer: morph_and_lookup_word: 0.597
(message (word_analysis
 <lex_entry shape "i$taparti" family '*null*' gloss "IT-improve-1SG" morphing "IT[[improve]V 1SG]V " pos 'V' subcat ( ) mrules (first_sg it_prefix ) stratum '*surface*' mp_rule_features ( ) oblig_features ( ) pseudo false > ) )
Timer: get_applic_prules: 0.002
Timer: unapply_prules: 0.033
Timer: lookup_pshape: 0.022
Timer: generate_derivation: 0.063
Timer: test_derivation: 0.087
Timer: generate_and_test: 0.158
Timer: lookup_pshape: 0.021
Timer: lookup_pshape: 0.027
Timer: morph_and_lookup_word: 0.236
(message (word_analysis
 <lex_entry shape "i$taper" family '*null*' gloss "IT-improve" morphing "IT[improve]V " pos 'V' subcat ( ) mrules (it_prefix ) stratum '*surface*' mp_rule_features ( ) oblig_features ( ) pseudo false > ) )
Timer: get_applic_prules: 0.003
Timer: unapply_prules: 0.035
Timer: lookup_pshape: 0.021
Timer: generate_derivation: 0.074
Timer: test_derivation: 0.098
Timer: generate_and_test: 0.212
Timer: lookup_pshape: 0.031
Timer: lookup_pshape: 0.019
Timer: morph_and_lookup_word: 0.296
(message (word_analysis
 <lex_entry shape "i$tapru" family '*null*' gloss "IT-improve-3SGF" morphing "IT[[improve]V 3SGF]V " pos 'V' subcat ( ) mrules (third_sgf it_prefix ) stratum '*surface*' mp_rule_features ( ) oblig_features ( ) pseudo false > ) )
Timer: get_applic_prules: 0.002
Timer: unapply_prules: 0.040
Timer: lookup_pshape: 0.030
Timer: generate_derivation: 0.106
Timer: test_derivation: 0.130
Timer: generate_and_test: 0.244
Timer: lookup_pshape: 0.023
Timer: lookup_pshape: 0.029
Timer: lookup_pshape: 0.042
Timer: lookup_pshape: 0.024
Timer: lookup_pshape: 0.023
Timer: lookup_pshape: 0.022
Timer: lookup_pshape: 0.033
Timer: lookup_pshape: 0.023
Timer: lookup_pshape: 0.021
Timer: lookup_pshape: 0.024
Timer: lookup_pshape: 0.021
Timer: morph_and_lookup_word: 0.625
(message (word_analysis
 <lex_entry shape "ictalamti" family '*null*' gloss "IT-have one's photo taken-1SG" morphing "IT[[have one's photo taken]V 1SG]V " pos 'V' subcat ( ) mrules (first_sg it_prefix ) stratum '*surface*' mp_rule_features ( ) oblig_features ( ) pseudo false > ) )
Timer: get_applic_prules: 0.003
Timer: unapply_prules: 0.032
Timer: lookup_pshape: 0.023
Timer: generate_derivation: 0.064
Timer: test_derivation: 0.086
Timer: generate_and_test: 0.158
Timer: lookup_pshape: 0.030
Timer: lookup_pshape: 0.022
Timer: morph_and_lookup_word: 0.241
(message (word_analysis
 <lex_entry shape "ictalem" family '*null*' gloss "IT-have one's photo taken" morphing "IT[have one's photo taken]V " pos 'V' subcat ( ) mrules (it_prefix ) stratum '*surface*' mp_rule_features ( ) oblig_features ( ) pseudo false > ) )
Timer: get_applic_prules: 0.023
Timer: unapply_prules: 0.036
Timer: lookup_pshape: 0.023
Timer: generate_derivation: 0.076
Timer: test_derivation: 0.098
Timer: generate_and_test: 0.181
Timer: lookup_pshape: 0.025
Timer: lookup_pshape: 0.029
Timer: morph_and_lookup_word: 0.290
(message (word_analysis
 <lex_entry shape "ictalmu" family '*null*' gloss "IT-have one's photo taken-3SGF" morphing "IT[[have one's photo taken]V 3SGF]V " pos 'V' subcat ( ) mrules (third_sgf it_prefix ) stratum '*surface*' mp_rule_features ( ) oblig_features ( ) pseudo false > ) )
Timer: get_applic_prules: 0.003
Timer: unapply_prules: 0.038
Timer: lookup_pshape: 0.020
Timer: generate_derivation: 0.093
Timer: test_derivation: 0.132
Timer: generate_and_test: 0.234
Timer: lookup_pshape: 0.027
Timer: lookup_pshape: 0.042
Timer: lookup_pshape: 0.030
Timer: lookup_pshape: 0.019
Timer: lookup_pshape: 0.020
Timer: lookup_pshape: 0.021
Timer: lookup_pshape: 0.020
Timer: lookup_pshape: 0.018
Timer: lookup_pshape: 0.020
Timer: lookup_pshape: 0.019
Timer: lookup_pshape: 0.026
Timer: morph_and_lookup_word: 0.585
(message (word_analysis
 <lex_entry shape "izdakanti" family '*null*' gloss "IT-age-1SG" morphing "IT[[age]V 1SG]V " pos 'V' subcat ( ) mrules (first_sg it_prefix ) stratum '*surface*' mp_rule_features ( ) oblig_features ( ) pseudo false > ) )
Timer: get_applic_prules: 0.003
Timer: unapply_prules: 0.030
Timer: lookup_pshape: 0.022
Timer: generate_derivation: 0.059
Timer: test_derivation: 0.090
Timer: generate_and_test: 0.157
Timer: lookup_pshape: 0.020
Timer: lookup_pshape: 0.025
Timer: morph_and_lookup_word: 0.236
(message (word_analysis
 <lex_entry shape "izdaken" family '*null*' gloss "IT-age" morphing "IT[age]V " pos 'V' subcat ( ) mrules (it_prefix ) stratum '*surface*' mp_rule_features ( ) oblig_features ( ) pseudo false > ) )
Timer: get_applic_prules: 0.002
Timer: unapply_prules: 0.033
Timer: lookup_pshape: 0.022
Timer: generate_derivation: 0.072
Timer: test_derivation: 0.096
Timer: generate_and_test: 0.176
Timer: lookup_pshape: 0.025
Timer: lookup_pshape: 0.021
Timer: morph_and_lookup_word: 0.288
(message (word_analysis
 <lex_entry shape "izdaknu" family '*null*' gloss "IT-age-3SGF" morphing "IT[[age]V 3SGF]V " pos 'V' subcat ( ) mrules (third_sgf it_prefix ) stratum '*surface*' mp_rule_features ( ) oblig_features ( ) pseudo false > ) )
Timer: get_applic_prules: 0.003
Timer: unapply_prules: 0.049
Timer: lookup_pshape: 0.020
Timer: generate_derivation: 0.124
Timer: test_derivation: 0.128
Timer: generate_and_test: 0.262
Timer: lookup_pshape: 0.050
Timer: lookup_pshape: 0.022
Timer: lookup_pshape: 0.021
Timer: lookup_pshape: 0.021
Timer: lookup_pshape: 0.019
Timer: lookup_pshape: 0.020
Timer: lookup_pshape: 0.020
Timer: lookup_pshape: 0.026
Timer: lookup_pshape: 0.019
Timer: lookup_pshape: 0.019
Timer: lookup_pshape: 0.021
Timer: lookup_pshape: 0.021
Timer: lookup_pshape: 0.019
Timer: lookup_pshape: 0.021
Timer: lookup_pshape: 0.026
Timer: lookup_pshape: 0.019
Timer: lookup_pshape: 0.019
Timer: lookup_pshape: 0.020
Timer: lookup_pshape: 0.021
Timer: lookup_pshape: 0.020
Timer: morph_and_lookup_word: 0.865
(message (word_analysis
 <lex_entry shape "izdarasti" family '*null*' gloss "IT-hurry-1SG" morphing "IT[[hurry]V 1SG]V " pos 'V' subcat ( ) mrules (first_sg it_prefix ) stratum '*surface*' mp_rule_features ( ) oblig_features ( ) pseudo false > ) )
Timer: get_applic_prules: 0.002
Timer: unapply_prules: 0.031
Timer: lookup_pshape: 0.020
Timer: generate_derivation: 0.060
Timer: test_derivation: 0.084
Timer: generate_and_test: 0.152
Timer: lookup_pshape: 0.027
Timer: lookup_pshape: 0.052
Timer: morph_and_lookup_word: 0.271
(message (word_analysis
 <lex_entry shape "izdarez" family '*null*' gloss "IT-hurry" morphing "IT[hurry]V " pos 'V' subcat ( ) mrules (it_prefix ) stratum '*surface*' mp_rule_features ( ) oblig_features ( ) pseudo false > ) )
Timer: get_applic_prules: 0.003
Timer: unapply_prules: 0.033
Timer: lookup_pshape: 0.026
Timer: generate_derivation: 0.077
Timer: test_derivation: 0.105
Timer: generate_and_test: 0.222
Timer: lookup_pshape: 0.022
Timer: lookup_pshape: 0.025
Timer: morph_and_lookup_word: 0.304
(message (word_analysis
 <lex_entry shape "izdarzu" family '*null*' gloss "IT-hurry-3SGF" morphing "IT[[hurry]V 3SGF]V " pos 'V' subcat ( ) mrules (third_sgf it_prefix ) stratum '*surface*' mp_rule_features ( ) oblig_features ( ) pseudo false > ) )
Timer: get_applic_prules: 0.003
Timer: unapply_prules: 0.030
Timer: lookup_pshape: 0.027
Timer: generate_derivation: 0.110
Timer: test_derivation: 0.107
Timer: generate_and_test: 0.225
Timer: lookup_pshape: 0.029
Timer: lookup_pshape: 0.021
Timer: lookup_pshape: 0.028
Timer: morph_and_lookup_word: 0.337
(message (word_analysis
 <lex_entry shape "itamamti" family '*null*' gloss "IT-feign innocence-1SG" morphing "IT[[feign innocence]V 1SG]V " pos 'V' subcat ( ) mrules (first_sg it_prefix ) stratum '*surface*' mp_rule_features ( ) oblig_features ( ) pseudo false > ) )
Timer: get_applic_prules: 0.002
Timer: unapply_prules: 0.022
Timer: lookup_pshape: 0.021
Timer: generate_derivation: 0.056
Timer: test_derivation: 0.064
Timer: generate_and_test: 0.128
Timer: morph_and_lookup_word: 0.147
(message (word_analysis
 <lex_entry shape "itamem" family '*null*' gloss "IT-feign innocence" morphing "IT[feign innocence]V " pos 'V' subcat ( ) mrules (it_prefix ) stratum '*surface*' mp_rule_features ( ) oblig_features ( ) pseudo false > ) )
Timer: get_applic_prules: 0.033
Timer: unapply_prules: 0.031
Timer: lookup_pshape: 0.028
Timer: generate_derivation: 0.084
Timer: test_derivation: 0.052
Timer: generate_and_test: 0.144
Timer: morph_and_lookup_word: 0.187
(message (word_analysis
 <lex_entry shape "itamemu" family '*null*' gloss "IT-feign innocence-3SGF" morphing "IT[[feign innocence]V 3SGF]V " pos 'V' subcat ( ) mrules (third_sgf it_prefix ) stratum '*surface*' mp_rule_features ( ) oblig_features ( ) pseudo false > ) )
((
 <m6521 fname 'C:\DATA\HC\MORPHER\TESTS\HEBREW\HEBREW.IN' > ) )
