(message (
 <hc6508 fname C:\DATA\HC\MORPHER\TESTS\TURKISH\TURKISH.IN > ) )
;$Id: turkish.in 1.5 1996/01/11 11:45:50 Mike_Maxwell Exp $
(message (
 <hc6508 fname c:\data\hc\morpher\tests\turkish\tursetup.in > ) )
;$Id: tursetup.in 1.25 1998/04/14 11:28:29 Mike_Maxwell Exp $
;File of Turkish data (modelled after TURKISH.RUL in PCKIMMO's files)
;Loads pfeatures def, char def tables, and rules, but NOT dictionary
(message (
 <hc6510 lname Turkish > ) )
(message (
 <hc6502 var_name '*pfeatures*' > ) )
;Ff from Hyman "Phonology: Theory and Analysis", Holt, Rinehart and Winston, pg. 241-244
;bilabial =     [-back -high -low +ant -cor]
;alveolar =     [-back -high -low +ant +cor]
;alveopalatal = [-back +high -low -ant +cor]
;velar =        [+back +high -low -ant -cor]
;Table1 has surface segments, table2 has these + archiphonemes + boundary markers
;Also assume "n" is alveolar, although perhaps it's velar before "k".
;The palatalized "L" is treated as alveopalatal, the "h" as a velar fricative, and the "w" as bilabial.
;In place of PC-KIMMO's use of diacritically marked long vowels, we use a VV notation; in place of the
; "dummy" vowels that delete after conditioning harmony, we use ordinary vowels that assimilate to an
; immediately preceding vowel after conditioning harmony.
(message (
 <hc6501 table_name table1 > ) )
;Note that we use the diacritic feature [+var_voice] to distinguish /D/ from /d/ and /t/
(message (
 <hc6501 table_name table2 > ) )
;Now set the strata (just one):
(message (
 <hc6502 var_name '*strata*' > ) )
;...and set their ctables (msg 6550):
(message (
 <hc6550 sname morphophonemic ctable_name table2 > ) )
(message (
 <hc6550 sname '*surface*' ctable_name table1 > ) )
;...and the cyclicity of the morphophonemic stratum (msg 6552):
(message (
 <hc6552 sname morphophonemic > ) )
;...and the order of the prules and mrules:
(message (
 <hc6555 sname morphophonemic > ) )
(message (
 <hc6556 sname morphophonemic > ) )
;Load the natural classes:
(message (
 <hc6541 nat_class_name null > ) )
(message (
 <hc6541 nat_class_name cons > ) )
(message (
 <hc6541 nat_class_name vowel > ) )
(message (
 <hc6541 nat_class_name nonvowel > ) )
(message (
 <hc6541 nat_class_name lateral > ) )
(message (
 <hc6541 nat_class_name obstruent > ) )
(message (
 <hc6541 nat_class_name voiced > ) )
(message (
 <hc6541 nat_class_name voiceless > ) )
(message (
 <hc6541 nat_class_name nonvoiced_obstr > ) )
(message (
 <hc6541 nat_class_name palatalized > ) )
(message (
 <hc6541 nat_class_name back_v > ) )
(message (
 <hc6541 nat_class_name high_v > ) )
(message (
 <hc6541 nat_class_name sy > ) )
(message (
 <hc6541 nat_class_name k > ) )
(message (
 <hc6541 nat_class_name 'D' > ) )
(message (
 <hc6541 nat_class_name e > ) )
;Load the rules
;RULE 1 "Consonant defaults" and RULE 2 "Vowel defaults" are not needed
;RULE "Palatalization, l:L <= V[-bk]:___" 2 4
;The KIMMO palatalization rule is based on underlying vowel quality, hence the HC version is ordered before
; the vowel harmony rule (cf. palatalization2, ordered after vowel harmony)
(message (
 <hc6505 rname palatalization1 > ) )
;Vowel harmony rules
;Using disjunctive alpha vars, we combine the ff KIMMO rules into two rules.
; KIMMO has to have two sets of rules, one for [+low] vowels (which assimilate in backness only),
; and one for [-low] (= [+high]) vowels (which assimilate in both backness and rounding.
;KIMMO's low vowel harmony:
;RULE 3 "A:a <=> V[+bk]: C* +:0 C*__"
; [V -high] --> [+low +back] / [V +back] C* + C*__
;RULE 4 "A:e <=> V[-bk]: C* (+:0) C*__"
; [V -high] --> [-low -back] / [V -back] C* + C*__
;Note that this would also change e-->a.  Presumably an [e] could appear after a +back vowel root-internal
; (thereby violating vowel harmony), but not across morpheme boundaries.
;KIMMO's high vowel harmony:
;RULE "5 H:u <=> V[+bk+rd]: C* (+:0) __"
; [V +high] --> [+back +round] / [V +back +round] C* + C* __
;We allow more Cs after the "+".  See also remarks re low_V_harmony (this will also turn e.g. i --> u across morph bdry)
;RULE "6 H:ü <=> V[-bk+rd]: C* (+:0) __"
; [V +high] --> [-back +round] / [V -back +round] C* + C* __
; (this will also turn e.g. i --> ü across morph bdry)
;RULE "7 H:i <=> [:V[-bk-rd] | V[-bk-rd]:] C* (+:0) __"
; [V +high] --> [-back -round] / [V -back -round] C* + C* __
; (this will also turn e.g. u --> i across morph bdry)
;RULE "8 H:ï <=> :V[+bk-rd] C* (+:0) __"
; [V +high] --> [+back -round] / [V +back -round] C* + C* __
; (this will also turn e.g. u --> ï across morph bdry)
; Because we work at the level of features, we have two rules: one for backness harmony (which all
; vowels undergo), and one for rounding harmony (which only [+high] vowels undergo).  Note that we
; allow [-syll] segs (the natural class nonvowel) to intervene--they need NOT be [+cons], e.g. /y/ is
; [-cons], but does not block or condition harmony.
(message (
 <hc6505 rname backness_harmony > ) )
(message (
 <hc6505 rname rounding_harmony > ) )
;RULE "Palatalization, l:L <= ___:e"
; [+lateral] --> [+alveopalatal] / __ e
; no instance in data of this change occurring across morpheme boundary (IAW PC-KIMMO file)
;RULE "Palatalization, l:L => [V[-bk]:___ | ___:e]"
;This rule is just the combination of the other two palatalization rules, with the => operator
;The KIMMO rule is based on surface context, hence the HC version is ordered after the vowel harmony rule
; (critically, after the a-->e rule) (cf. palatalization1)
(message (
 <hc6505 rname palatalization2 > ) )
; Consonant Deletion
; LR: at+sH  at+yA
; SR: at00ï  at00a
;RULE "S:0 correspondences"
;Above PC-KIMMO rule doesn't correspond directly to anything in HC
; S = s y
;RULE "Deletion, S:0 <=> C (+:0)___"
; [-syll +cor +cont -nasal -lateral] --> 0 / [-syll] __
; As written, also applies to /z/, /sh/, and /r/.  Bleeds v-shortening.
(message (
 <hc6505 rname sy_del > ) )
; Œ:a rule
; LR: saŒt  saŒt+sH
; SR: saat  saat00i
;Bleeds vowel deletion by becoming [+low]
;RULE "Œ:a <= #CV___C[+|#]"
;RULE "Œ:a => #CV___C[+|#]"
; Vowel Deletion and Assimilation
; LR: kaŒlb+sH  usu–l+sH  kira¦+sH  huku§k+sH
; SR: ka0Lb00i  us£0L00ü  kir 00sï  huk£0k00u
; LR: kira¦
; SR: kir 0
;RULE "Q:0"
; Œ --> 0 / V __ C* [V -back -round]
; – --> 0 / V __ C* [V -back +round]
; ¦ --> 0 / V __ C* [V +back -round]
; § --> 0 / V __ C* [V +back +round]
; include A and H?
; V[-lng]:V[+lng] word-finally
;RULE "Lengthening, V[-lng]:V[+lng] <= ___Q:0#"
; V[-lng]:V[+lng] in open syllable
;RULE "Lengthening, V[-lng]:V[+lng] <= ___Q:0 C (+:0) C:0 V"
; V[-lng]:V[+lng] prohibited in word-final closed syllable
;RULE "Lengthening, V[-lng]:V[+lng] => ___Q:0 [# | C (+:0) C:0 V]"
;RULE "Lengthening, V[-lng]:V[+lng] /<= ___Q:0 C#"
; Under the PC-KIMMO analysis, the vowels Œ – ¦ § do not surface as such,
; but they condition vowel harmony.  In the underlying forms, they appear immediately after
; another vowel.  If they are in an open syllable after affixation, they coalesce with that
; preceding vowel; otherwise they delete (except that the Œ vowel can escape deletion by becoming "a",
; see rule v_change).
; For Hermit Crab, we have a different analysis.  We treat the vowels Œ – ¦ § as ordinary vowels
; i u a o, which appear immediately after another vowel.  After conditioning vowel harmony,
; the "extra" vowels delete in closed syllables, or assimilate to the preceding vowel in open sylls.
; The rule is ordered after sy_deletion (underlying /Cs/ or /Cy/ becomes /C/, and the vowel deletion
; subrule doesn't apply then).
; /sait/ is a lexical counterexample to the first two subrules (it surfaces as [saat]).
; Our rules:
; V --> 0 / V __ C#
;       0 / V __ CC
;       [V alpha back beta high gamma low delta round] / [V alpha back beta high gamma low delta round] ___
(message (
 <hc6505 rname rm_dummy_vs > ) )
; k-deletion
; LR: inek+sH
; SR: ine000i
; S = s y
;RULE "k-deletion, k:0 <=> V[-lng]___(+:0)S:"
; Here reanalyzed as follows:
; [+cons -cont +back -vd] --> 0 / CV __ + V
; (Note that we are treating long vowels as VV, hence the CV in the above rather than [V +long])
; Counterfeeds vowel deletion (rule "rm_dummy_vs"), hence ordered after that rule;
; fed by sy-deletion, hence ordered after that rule.
(message (
 <hc6505 rname k_delete > ) )
; Devoicing
; LR: kab  kab+DAn
; SR: kap  kap0tan
;RULE "O[+vc]:O[-vc] correspondences"
;This doesn't correspond directly to anything in HC
;RULE "Devoicing, O[+vc]:O[-vc] => [___# | ___(+:0)C]"
;This encodes the => of the ff 2 PC-KIMMO rules; we collapse the two rules into a disjunctive pair
; (note the addition of [-nasal]):
;RULE "Devoicing, O[+vc]:O[-vc] <= ___#"
;RULE "Devoicing, O[+vc]:O[-vc] <= ___(+:0)C"
; [-cont -nasal] --> [-vd] / __ C
;                    [-vd] / __#
(message (
 <hc6505 rname devoicing > ) )
; D:t rule
; LR: kep+DAn
; SR: kep0ten
;RULE "D:t <=> :O[-vc] (+:0)___"
; We distinguish /D/ from /d/ and /t/ by the diacritic feature [+var_voice], with which only /D/ is marked
; [+cons alveolar -strident -sonorant +var_voiced] --> [-vd] / [-cont -vd] __
;                                                      [+vd] /
; Ordered after devoicing, which feeds this rule (e.g. kurd+Dan --> kurttan)
(message (
 <hc6505 rname 'D' > ) )
;Morphological rules.  Unclear whether case suffixes go inside or outside of other two.
(message (
 <hc6505 rname dative > ) )
(message (
 <hc6505 rname ablative > ) )
(message (
 <hc6505 rname plural > ) )
(message (
 <hc6505 rname possessive > ) )
;(trace_morpher_rule message (true true dative))
;(trace_morpher_rule message (true true ablative))
;(trace_morpher_rule message (true true plural))
;(trace_morpher_rule message (true true possessive))
;(trace_morpher_rule message (true true palatalization1))
;(trace_morpher_rule message (true true rm_dummy_vs))
;(trace_morpher_rule message (true true D))
;(trace_lexical_lookup message true)
;(trace_morpher_strata message (true true))
;(morpher_show pretty_print *prules*)
;Don't let errors stop us:
(message (
 <hc6502 var_name '*quit_on_error*' > ) )
(message (
 <hc6521 fname c:\data\hc\morpher\tests\turkish\tursetup.in > ) )
;ff small dict is from PC-KIMMO:
(message (
 <hc6515 n 33 fname c:\data\hc\morpher\tests\turkish\turkish.dic > ) )
;ff large dict is from Jorge Hankamer, and is used to compare timing with a large dict.
; (about 3400 entries)  All dupes have been commented out from it:
;(merge_in_dictionary_file message
;	c:\data\lang\turkish\tlex.dic)
; following taken from PC-KIMMO's TURKISH.REC
(message (word_analysis
 <lex id 3 sh oda gl room pos 'N' str '*surface*' > ) )
(message (word_analysis
 <lex id 3 sh odasï gl room  POSS pos 'N' mrs (possessive ) str '*surface*' > ) )
(message (word_analysis
 <lex id 3 sh odaya gl room  DAT pos 'N' mrs (dative ) str '*surface*' > ) )
(message (word_analysis
 <lex id 3 sh odadan gl room  ABL pos 'N' mrs (ablative ) str '*surface*' > ) )
(message (word_analysis
 <lex id 3 sh odalar gl room  PLURAL pos 'N' mrs (plural ) str '*surface*' > ) )
(message (word_analysis
 <lex id 3 sh odalarï gl room  PLURAL  POSS pos 'N' mrs (plural possessive ) str '*surface*' > ) )
(message (word_analysis
 <lex id 4 sh dere gl river pos 'N' str '*surface*' > ) )
(message (word_analysis
 <lex id 4 sh deresi gl river  POSS pos 'N' mrs (possessive ) str '*surface*' > ) )
(message (word_analysis
 <lex id 4 sh dereye gl river  DAT pos 'N' mrs (dative ) str '*surface*' > ) )
(message (word_analysis
 <lex id 4 sh dereden gl river  ABL pos 'N' mrs (ablative ) str '*surface*' > ) )
(message (word_analysis
 <lex id 4 sh dereLer gl river  PLURAL pos 'N' mrs (plural ) str '*surface*' > ) )
(message (word_analysis
 <lex id 4 sh dereLeri gl river  PLURAL  POSS pos 'N' mrs (plural possessive ) str '*surface*' > ) )
(message (word_analysis
 <lex id 5 sh tiLki gl fox pos 'N' str '*surface*' > ) )
(message (word_analysis
 <lex id 5 sh tiLkisi gl fox  POSS pos 'N' mrs (possessive ) str '*surface*' > ) )
(message (word_analysis
 <lex id 5 sh tiLkiye gl fox  DAT pos 'N' mrs (dative ) str '*surface*' > ) )
(message (word_analysis
 <lex id 5 sh tiLkiden gl fox  ABL pos 'N' mrs (ablative ) str '*surface*' > ) )
(message (word_analysis
 <lex id 5 sh tiLkiLer gl fox  PLURAL pos 'N' mrs (plural ) str '*surface*' > ) )
(message (word_analysis
 <lex id 5 sh tiLkiLeri gl fox  PLURAL  POSS pos 'N' mrs (plural possessive ) str '*surface*' > ) )
(message (word_analysis
 <lex id 6 sh arï gl bee pos 'N' str '*surface*' > ) )
(message (word_analysis
 <lex id 6 sh arïsï gl bee  POSS pos 'N' mrs (possessive ) str '*surface*' > ) )
(message (word_analysis
 <lex id 6 sh arïya gl bee  DAT pos 'N' mrs (dative ) str '*surface*' > ) )
(message (word_analysis
 <lex id 6 sh arïdan gl bee  ABL pos 'N' mrs (ablative ) str '*surface*' > ) )
(message (word_analysis
 <lex id 6 sh arïlar gl bee  PLURAL pos 'N' mrs (plural ) str '*surface*' > ) )
(message (word_analysis
 <lex id 6 sh arïlarï gl bee  PLURAL  POSS pos 'N' mrs (plural possessive ) str '*surface*' > ) )
(message (word_analysis
 <lex id 7 sh boru gl pipe pos 'N' str '*surface*' > ) )
(message (word_analysis
 <lex id 7 sh borusu gl pipe  POSS pos 'N' mrs (possessive ) str '*surface*' > ) )
(message (word_analysis
 <lex id 7 sh boruya gl pipe  DAT pos 'N' mrs (dative ) str '*surface*' > ) )
(message (word_analysis
 <lex id 7 sh borudan gl pipe  ABL pos 'N' mrs (ablative ) str '*surface*' > ) )
(message (word_analysis
 <lex id 7 sh borular gl pipe  PLURAL pos 'N' mrs (plural ) str '*surface*' > ) )
(message (word_analysis
 <lex id 7 sh borularï gl pipe  PLURAL  POSS pos 'N' mrs (plural possessive ) str '*surface*' > ) )
(message (word_analysis
 <lex id 8 sh kep gl cap pos 'N' str '*surface*' > ) )
(message (word_analysis
 <lex id 8 sh kepi gl cap  POSS pos 'N' mrs (possessive ) str '*surface*' > ) )
(message (word_analysis
 <lex id 8 sh kepe gl cap  DAT pos 'N' mrs (dative ) str '*surface*' > ) )
(message (word_analysis
 <lex id 8 sh kepten gl cap  ABL pos 'N' mrs (ablative ) str '*surface*' > ) )
(message (word_analysis
 <lex id 8 sh kepLer gl cap  PLURAL pos 'N' mrs (plural ) str '*surface*' > ) )
(message (word_analysis
 <lex id 8 sh kepLeri gl cap  PLURAL  POSS pos 'N' mrs (plural possessive ) str '*surface*' > ) )
(message (word_analysis
 <lex id 9 sh at gl horse pos 'N' str '*surface*' > ) )
(message (word_analysis
 <lex id 9 sh atï gl horse  POSS pos 'N' mrs (possessive ) str '*surface*' > ) )
(message (word_analysis
 <lex id 9 sh ata gl horse  DAT pos 'N' mrs (dative ) str '*surface*' > ) )
(message (word_analysis
 <lex id 9 sh attan gl horse  ABL pos 'N' mrs (ablative ) str '*surface*' > ) )
(message (word_analysis
 <lex id 9 sh atlar gl horse  PLURAL pos 'N' mrs (plural ) str '*surface*' > ) )
(message (word_analysis
 <lex id 9 sh atlarï gl horse  PLURAL  POSS pos 'N' mrs (plural possessive ) str '*surface*' > ) )
(message (word_analysis
 <lex id 10 sh kurt gl worm pos 'N' str '*surface*' > ) )
(message (word_analysis
 <lex id 10 sh kurdu gl worm  POSS pos 'N' mrs (possessive ) str '*surface*' > ) )
(message (word_analysis
 <lex id 10 sh kurda gl worm  DAT pos 'N' mrs (dative ) str '*surface*' > ) )
(message (word_analysis
 <lex id 10 sh kurttan gl worm  ABL pos 'N' mrs (ablative ) str '*surface*' > ) )
(message (word_analysis
 <lex id 10 sh kurtlar gl worm  PLURAL pos 'N' mrs (plural ) str '*surface*' > ) )
(message (word_analysis
 <lex id 10 sh kurtlarï gl worm  PLURAL  POSS pos 'N' mrs (plural possessive ) str '*surface*' > ) )
(message (word_analysis
 <lex id 11 sh sac gl hair pos 'N' str '*surface*' > ) )
(message (word_analysis
 <lex id 11 sh sacï gl hair  POSS pos 'N' mrs (possessive ) str '*surface*' > ) )
(message (word_analysis
 <lex id 11 sh saca gl hair  DAT pos 'N' mrs (dative ) str '*surface*' > ) )
(message (word_analysis
 <lex id 11 sh sactan gl hair  ABL pos 'N' mrs (ablative ) str '*surface*' > ) )
(message (word_analysis
 <lex id 11 sh saclar gl hair  PLURAL pos 'N' mrs (plural ) str '*surface*' > ) )
(message (word_analysis
 <lex id 11 sh saclarï gl hair  PLURAL  POSS pos 'N' mrs (plural possessive ) str '*surface*' > ) )
(message (word_analysis
 <lex id 12 sh sarp gl steep pos 'N' str '*surface*' > ) )
(message (word_analysis
 <lex id 12 sh sarpï gl steep  POSS pos 'N' mrs (possessive ) str '*surface*' > ) )
(message (word_analysis
 <lex id 12 sh sarpa gl steep  DAT pos 'N' mrs (dative ) str '*surface*' > ) )
(message (word_analysis
 <lex id 12 sh sarptan gl steep  ABL pos 'N' mrs (ablative ) str '*surface*' > ) )
(message (word_analysis
 <lex id 12 sh sarplar gl steep  PLURAL pos 'N' mrs (plural ) str '*surface*' > ) )
(message (word_analysis
 <lex id 12 sh sarplarï gl steep  PLURAL  POSS pos 'N' mrs (plural possessive ) str '*surface*' > ) )
(message (word_analysis
 <lex id 13 sh son gl end pos 'N' str '*surface*' > ) )
(message (word_analysis
 <lex id 13 sh sonu gl end  POSS pos 'N' mrs (possessive ) str '*surface*' > ) )
(message (word_analysis
 <lex id 13 sh sona gl end  DAT pos 'N' mrs (dative ) str '*surface*' > ) )
(message (word_analysis
 <lex id 13 sh sondan gl end  ABL pos 'N' mrs (ablative ) str '*surface*' > ) )
(message (word_analysis
 <lex id 13 sh sonlar gl end  PLURAL pos 'N' mrs (plural ) str '*surface*' > ) )
(message (word_analysis
 <lex id 13 sh sonlarï gl end  PLURAL  POSS pos 'N' mrs (plural possessive ) str '*surface*' > ) )
(message (word_analysis
 <lex id 14 sh köy gl village pos 'N' str '*surface*' > ) )
(message (word_analysis
 <lex id 14 sh köyü gl village  POSS pos 'N' mrs (possessive ) str '*surface*' > ) )
(message (word_analysis
 <lex id 14 sh köye gl village  DAT pos 'N' mrs (dative ) str '*surface*' > ) )
(message (word_analysis
 <lex id 14 sh köyden gl village  ABL pos 'N' mrs (ablative ) str '*surface*' > ) )
(message (word_analysis
 <lex id 14 sh köyLer gl village  PLURAL pos 'N' mrs (plural ) str '*surface*' > ) )
(message (word_analysis
 <lex id 14 sh köyLeri gl village  PLURAL  POSS pos 'N' mrs (plural possessive ) str '*surface*' > ) )
(message (word_analysis
 <lex id 15 sh güc gl power pos 'N' str '*surface*' > ) )
(message (word_analysis
 <lex id 15 sh güjü gl power  POSS pos 'N' mrs (possessive ) str '*surface*' > ) )
(message (word_analysis
 <lex id 15 sh güje gl power  DAT pos 'N' mrs (dative ) str '*surface*' > ) )
(message (word_analysis
 <lex id 15 sh gücten gl power  ABL pos 'N' mrs (ablative ) str '*surface*' > ) )
(message (word_analysis
 <lex id 15 sh gücLer gl power  PLURAL pos 'N' mrs (plural ) str '*surface*' > ) )
(message (word_analysis
 <lex id 15 sh gücLeri gl power  PLURAL  POSS pos 'N' mrs (plural possessive ) str '*surface*' > ) )
(message (word_analysis
 <lex id 16 sh sap gl stalk pos 'N' str '*surface*' > ) )
(message (word_analysis
 <lex id 16 sh sapï gl stalk  POSS pos 'N' mrs (possessive ) str '*surface*' > ) )
(message (word_analysis
 <lex id 16 sh sapa gl stalk  DAT pos 'N' mrs (dative ) str '*surface*' > ) )
(message (word_analysis
 <lex id 16 sh saptan gl stalk  ABL pos 'N' mrs (ablative ) str '*surface*' > ) )
(message (word_analysis
 <lex id 16 sh saplar gl stalk  PLURAL pos 'N' mrs (plural ) str '*surface*' > ) )
(message (word_analysis
 <lex id 16 sh saplarï gl stalk  PLURAL  POSS pos 'N' mrs (plural possessive ) str '*surface*' > ) )
(message (word_analysis
 <lex id 17 sh alt gl bottom pos 'N' str '*surface*' > ) )
(message (word_analysis
 <lex id 17 sh altï gl bottom  POSS pos 'N' mrs (possessive ) str '*surface*' > ) )
(message (word_analysis
 <lex id 17 sh alta gl bottom  DAT pos 'N' mrs (dative ) str '*surface*' > ) )
(message (word_analysis
 <lex id 17 sh alttan gl bottom  ABL pos 'N' mrs (ablative ) str '*surface*' > ) )
(message (word_analysis
 <lex id 17 sh altlar gl bottom  PLURAL pos 'N' mrs (plural ) str '*surface*' > ) )
(message (word_analysis
 <lex id 17 sh altlarï gl bottom  PLURAL  POSS pos 'N' mrs (plural possessive ) str '*surface*' > ) )
(message (word_analysis
 <lex id 18 sh renk gl color pos 'N' str '*surface*' > ) )
(message (word_analysis
 <lex id 18 sh rengi gl color  POSS pos 'N' mrs (possessive ) str '*surface*' > ) )
(message (word_analysis
 <lex id 18 sh renge gl color  DAT pos 'N' mrs (dative ) str '*surface*' > ) )
(message (word_analysis
 <lex id 18 sh renkten gl color  ABL pos 'N' mrs (ablative ) str '*surface*' > ) )
(message (word_analysis
 <lex id 18 sh renkLer gl color  PLURAL pos 'N' mrs (plural ) str '*surface*' > ) )
(message (word_analysis
 <lex id 18 sh renkLeri gl color  PLURAL  POSS pos 'N' mrs (plural possessive ) str '*surface*' > ) )
(message (word_analysis
 <lex id 19 sh balo gl ball pos 'N' str '*surface*' > ) )
(message (word_analysis
 <lex id 19 sh balosu gl ball  POSS pos 'N' mrs (possessive ) str '*surface*' > ) )
(message (word_analysis
 <lex id 19 sh baloya gl ball  DAT pos 'N' mrs (dative ) str '*surface*' > ) )
(message (word_analysis
 <lex id 19 sh balodan gl ball  ABL pos 'N' mrs (ablative ) str '*surface*' > ) )
(message (word_analysis
 <lex id 19 sh balolar gl ball  PLURAL pos 'N' mrs (plural ) str '*surface*' > ) )
(message (word_analysis
 <lex id 19 sh balolarï gl ball  PLURAL  POSS pos 'N' mrs (plural possessive ) str '*surface*' > ) )
(message (word_analysis
 <lex id 20 sh kap gl container pos 'N' str '*surface*' > ) )
(message (word_analysis
 <lex id 20 sh kabï gl container  POSS pos 'N' mrs (possessive ) str '*surface*' > ) )
(message (word_analysis
 <lex id 20 sh kaba gl container  DAT pos 'N' mrs (dative ) str '*surface*' > ) )
(message (word_analysis
 <lex id 20 sh kaptan gl container  ABL pos 'N' mrs (ablative ) str '*surface*' > ) )
(message (word_analysis
 <lex id 20 sh kaplar gl container  PLURAL pos 'N' mrs (plural ) str '*surface*' > ) )
(message (word_analysis
 <lex id 20 sh kaplarï gl container  PLURAL  POSS pos 'N' mrs (plural possessive ) str '*surface*' > ) )
(message (word_analysis
 <lex id 21 sh tat gl taste pos 'N' str '*surface*' > ) )
(message (word_analysis
 <lex id 21 sh tadï gl taste  POSS pos 'N' mrs (possessive ) str '*surface*' > ) )
(message (word_analysis
 <lex id 21 sh tada gl taste  DAT pos 'N' mrs (dative ) str '*surface*' > ) )
(message (word_analysis
 <lex id 21 sh tattan gl taste  ABL pos 'N' mrs (ablative ) str '*surface*' > ) )
(message (word_analysis
 <lex id 21 sh tatlar gl taste  PLURAL pos 'N' mrs (plural ) str '*surface*' > ) )
(message (word_analysis
 <lex id 21 sh tatlarï gl taste  PLURAL  POSS pos 'N' mrs (plural possessive ) str '*surface*' > ) )
(message (word_analysis
 <lex id 22 sh ahmet gl Ahmed pos 'N' str '*surface*' > ) )
(message (word_analysis
 <lex id 22 sh ahmedi gl Ahmed  POSS pos 'N' mrs (possessive ) str '*surface*' > ) )
(message (word_analysis
 <lex id 22 sh ahmede gl Ahmed  DAT pos 'N' mrs (dative ) str '*surface*' > ) )
(message (word_analysis
 <lex id 22 sh ahmetten gl Ahmed  ABL pos 'N' mrs (ablative ) str '*surface*' > ) )
(message (word_analysis
 <lex id 22 sh ahmetLer gl Ahmed  PLURAL pos 'N' mrs (plural ) str '*surface*' > ) )
(message (word_analysis
 <lex id 22 sh ahmetLeri gl Ahmed  PLURAL  POSS pos 'N' mrs (plural possessive ) str '*surface*' > ) )
(message (word_analysis
 <lex id 23 sh genc gl young pos 'N' str '*surface*' > ) )
(message (word_analysis
 <lex id 23 sh genji gl young  POSS pos 'N' mrs (possessive ) str '*surface*' > ) )
(message (word_analysis
 <lex id 23 sh genje gl young  DAT pos 'N' mrs (dative ) str '*surface*' > ) )
(message (word_analysis
 <lex id 23 sh gencten gl young  ABL pos 'N' mrs (ablative ) str '*surface*' > ) )
(message (word_analysis
 <lex id 23 sh gencLer gl young  PLURAL pos 'N' mrs (plural ) str '*surface*' > ) )
(message (word_analysis
 <lex id 23 sh gencLeri gl young  PLURAL  POSS pos 'N' mrs (plural possessive ) str '*surface*' > ) )
(message (word_analysis
 <lex id 24 sh ayak gl foot pos 'N' str '*surface*' > ) )
(message (word_analysis
 <lex id 24 sh ayaï gl foot  POSS pos 'N' mrs (possessive ) str '*surface*' > ) )
(message (word_analysis
 <lex id 24 sh ayaa gl foot  DAT pos 'N' mrs (dative ) str '*surface*' > ) )
(message (word_analysis
 <lex id 24 sh ayaktan gl foot  ABL pos 'N' mrs (ablative ) str '*surface*' > ) )
(message (word_analysis
 <lex id 24 sh ayaklar gl foot  PLURAL pos 'N' mrs (plural ) str '*surface*' > ) )
(message (word_analysis
 <lex id 24 sh ayaklarï gl foot  PLURAL  POSS pos 'N' mrs (plural possessive ) str '*surface*' > ) )
(message (word_analysis
 <lex id 25 sh inek gl cow pos 'N' str '*surface*' > ) )
(message (word_analysis
 <lex id 25 sh inei gl cow  POSS pos 'N' mrs (possessive ) str '*surface*' > ) )
(message (word_analysis
 <lex id 25 sh inee gl cow  DAT pos 'N' mrs (dative ) str '*surface*' > ) )
(message (word_analysis
 <lex id 25 sh inekten gl cow  ABL pos 'N' mrs (ablative ) str '*surface*' > ) )
(message (word_analysis
 <lex id 25 sh inekLer gl cow  PLURAL pos 'N' mrs (plural ) str '*surface*' > ) )
(message (word_analysis
 <lex id 25 sh inekLeri gl cow  PLURAL  POSS pos 'N' mrs (plural possessive ) str '*surface*' > ) )
;Next one should be 2x ambig:
(message (word_analysis
 <lex id 26 sh hukuk gl law.school pos 'N' str '*surface*' >
 <lex id 27 sh hukuk gl law pos 'N' str '*surface*' > ) )
(message (word_analysis
 <lex id 26 sh hukuu gl law.school  POSS pos 'N' mrs (possessive ) str '*surface*' > ) )
(message (word_analysis
 <lex id 26 sh hukua gl law.school  DAT pos 'N' mrs (dative ) str '*surface*' > ) )
;Next one should be 2x ambig:
(message (word_analysis
 <lex id 26 sh hukuktan gl law.school  ABL pos 'N' mrs (ablative ) str '*surface*' >
 <lex id 27 sh hukuktan gl law  ABL pos 'N' mrs (ablative ) str '*surface*' > ) )
;Next one should be 2x ambig:
(message (word_analysis
 <lex id 26 sh hukuklar gl law.school  PLURAL pos 'N' mrs (plural ) str '*surface*' >
 <lex id 27 sh hukuklar gl law  PLURAL pos 'N' mrs (plural ) str '*surface*' > ) )
;Next one should be 2x ambig:
(message (word_analysis
 <lex id 26 sh hukuklarï gl law.school  PLURAL  POSS pos 'N' mrs (plural possessive ) str '*surface*' >
 <lex id 27 sh hukuklarï gl law  PLURAL  POSS pos 'N' mrs (plural possessive ) str '*surface*' > ) )
(message (word_analysis
 <lex id 28 sh mesLek gl profession pos 'N' str '*surface*' > ) )
(message (word_analysis
 <lex id 28 sh mesLei gl profession  POSS pos 'N' mrs (possessive ) str '*surface*' > ) )
(message (word_analysis
 <lex id 28 sh mesLee gl profession  DAT pos 'N' mrs (dative ) str '*surface*' > ) )
(message (word_analysis
 <lex id 28 sh mesLekten gl profession  ABL pos 'N' mrs (ablative ) str '*surface*' > ) )
(message (word_analysis
 <lex id 28 sh mesLekLer gl profession  PLURAL pos 'N' mrs (plural ) str '*surface*' > ) )
(message (word_analysis
 <lex id 28 sh mesLekLeri gl profession  PLURAL  POSS pos 'N' mrs (plural possessive ) str '*surface*' > ) )
(message (word_analysis
 <lex id 29 sh kiraa gl rent pos 'N' str '*surface*' > ) )
(message (word_analysis
 <lex id 29 sh kiraasï gl rent  POSS pos 'N' mrs (possessive ) str '*surface*' > ) )
(message (word_analysis
 <lex id 29 sh kiraaya gl rent  DAT pos 'N' mrs (dative ) str '*surface*' > ) )
(message (word_analysis
 <lex id 29 sh kiraadan gl rent  ABL pos 'N' mrs (ablative ) str '*surface*' > ) )
(message (word_analysis
 <lex id 29 sh kiraalar gl rent  PLURAL pos 'N' mrs (plural ) str '*surface*' > ) )
(message (word_analysis
 <lex id 29 sh kiraalarï gl rent  PLURAL  POSS pos 'N' mrs (plural possessive ) str '*surface*' > ) )
(message (word_analysis
 <lex id 30 sh maazii gl past pos 'N' str '*surface*' > ) )
(message (word_analysis
 <lex id 30 sh maaziisi gl past  POSS pos 'N' mrs (possessive ) str '*surface*' > ) )
(message (word_analysis
 <lex id 30 sh maaziiye gl past  DAT pos 'N' mrs (dative ) str '*surface*' > ) )
(message (word_analysis
 <lex id 30 sh maaziiden gl past  ABL pos 'N' mrs (ablative ) str '*surface*' > ) )
(message (word_analysis
 <lex id 30 sh maaziiLer gl past  PLURAL pos 'N' mrs (plural ) str '*surface*' > ) )
(message (word_analysis
 <lex id 30 sh maaziiLeri gl past  PLURAL  POSS pos 'N' mrs (plural possessive ) str '*surface*' > ) )
(message (word_analysis
 <lex id 31 sh merak gl curiosity pos 'N' str '*surface*' > ) )
(message (word_analysis
 <lex id 31 sh meraakï gl curiosity  POSS pos 'N' mrs (possessive ) str '*surface*' > ) )
(message (word_analysis
 <lex id 31 sh meraaka gl curiosity  DAT pos 'N' mrs (dative ) str '*surface*' > ) )
(message (word_analysis
 <lex id 31 sh meraktan gl curiosity  ABL pos 'N' mrs (ablative ) str '*surface*' > ) )
(message (word_analysis
 <lex id 31 sh meraklar gl curiosity  PLURAL pos 'N' mrs (plural ) str '*surface*' > ) )
(message (word_analysis
 <lex id 31 sh meraklarï gl curiosity  PLURAL  POSS pos 'N' mrs (plural possessive ) str '*surface*' > ) )
(message (word_analysis
 <lex id 27 sh hukuuku gl law  POSS pos 'N' mrs (possessive ) str '*surface*' > ) )
(message (word_analysis
 <lex id 27 sh hukuuka gl law  DAT pos 'N' mrs (dative ) str '*surface*' > ) )
(message (word_analysis
 <lex id 32 sh sevap gl good.deed pos 'N' str '*surface*' > ) )
(message (word_analysis
 <lex id 32 sh sevaabï gl good.deed  POSS pos 'N' mrs (possessive ) str '*surface*' > ) )
(message (word_analysis
 <lex id 32 sh sevaaba gl good.deed  DAT pos 'N' mrs (dative ) str '*surface*' > ) )
(message (word_analysis
 <lex id 32 sh sevaptan gl good.deed  ABL pos 'N' mrs (ablative ) str '*surface*' > ) )
(message (word_analysis
 <lex id 32 sh sevaplar gl good.deed  PLURAL pos 'N' mrs (plural ) str '*surface*' > ) )
(message (word_analysis
 <lex id 32 sh sevaplarï gl good.deed  PLURAL  POSS pos 'N' mrs (plural possessive ) str '*surface*' > ) )
(message (word_analysis
 <lex id 33 sh usuL gl method pos 'N' str '*surface*' > ) )
(message (word_analysis
 <lex id 33 sh usuuLü gl method  POSS pos 'N' mrs (possessive ) str '*surface*' > ) )
(message (word_analysis
 <lex id 33 sh usuuLe gl method  DAT pos 'N' mrs (dative ) str '*surface*' > ) )
(message (word_analysis
 <lex id 33 sh usuLden gl method  ABL pos 'N' mrs (ablative ) str '*surface*' > ) )
(message (word_analysis
 <lex id 33 sh usuLLer gl method  PLURAL pos 'N' mrs (plural ) str '*surface*' > ) )
(message (word_analysis
 <lex id 33 sh usuLLeri gl method  PLURAL  POSS pos 'N' mrs (plural possessive ) str '*surface*' > ) )
(message (word_analysis
 <lex id 34 sh kaLp gl heart pos 'N' str '*surface*' > ) )
(message (word_analysis
 <lex id 34 sh kaLbi gl heart  POSS pos 'N' mrs (possessive ) str '*surface*' > ) )
(message (word_analysis
 <lex id 34 sh kaLbe gl heart  DAT pos 'N' mrs (dative ) str '*surface*' > ) )
(message (word_analysis
 <lex id 34 sh kaLpten gl heart  ABL pos 'N' mrs (ablative ) str '*surface*' > ) )
(message (word_analysis
 <lex id 34 sh kaLpLer gl heart  PLURAL pos 'N' mrs (plural ) str '*surface*' > ) )
(message (word_analysis
 <lex id 34 sh kaLpLeri gl heart  PLURAL  POSS pos 'N' mrs (plural possessive ) str '*surface*' > ) )
(message (word_analysis
 <lex id 35 sh saat gl watch pos 'N' str '*surface*' rf (no_v_short ) > ) )
(message (word_analysis
 <lex id 35 sh saati gl watch  POSS pos 'N' mrs (possessive ) str '*surface*' rf (no_v_short ) > ) )
(message (word_analysis
 <lex id 35 sh saate gl watch  DAT pos 'N' mrs (dative ) str '*surface*' rf (no_v_short ) > ) )
(message (word_analysis
 <lex id 35 sh saatten gl watch  ABL pos 'N' mrs (ablative ) str '*surface*' rf (no_v_short ) > ) )
(message (word_analysis
 <lex id 35 sh saatLer gl watch  PLURAL pos 'N' mrs (plural ) str '*surface*' rf (no_v_short ) > ) )
(message (word_analysis
 <lex id 35 sh saatLeri gl watch  PLURAL  POSS pos 'N' mrs (plural possessive ) str '*surface*' rf (no_v_short ) > ) )
(message (
 <hc6521 fname C:\DATA\HC\MORPHER\TESTS\TURKISH\TURKISH.IN > ) )
(message (
 <hc6508 fname stdin > ) )
(message (
 <hc6522 fname standard out > ) )
